[run-iket] ============= Dry run application first to collect some info... =============
W0813 07:30:51.639000 37025 site-packages/torch/distributed/run.py:874] 
W0813 07:30:51.639000 37025 site-packages/torch/distributed/run.py:874] *****************************************
W0813 07:30:51.639000 37025 site-packages/torch/distributed/run.py:874] Setting OMP_NUM_THREADS environment variable for each process to be 1 in default, to avoid your system being overloaded, please further tune the variable for optimal performance in your application as needed. 
W0813 07:30:51.639000 37025 site-packages/torch/distributed/run.py:874] *****************************************
KNOBS {'mma_tiler_mnk': (256, 64, 256), 'cluster_shape_mnk': (2, 1, 1), 'group_hint': 512, 'flag_batch': 4, 'epi_flag_batch': (1, 2), 'token_back_mode': 'epi_warps', 'load_balance_mode': 'atomic_counter'}
MANIFEST warmup mode=profile tokens=128 combine=bf16 ikr=False experts=384 topk=6 h=7168 i=3072
MANIFEST exec=0 tokens=128 combine=bf16 ikr=False
MANIFEST exec=1 tokens=128 combine=bf16 ikr=False
[rank0]:[W813 07:31:19.653912130 ProcessGroupNCCL.cpp:1648] Warning: WARNING: destroy_process_group() was not called before program exit, which can leak resources. For more info, please see https://pytorch.org/docs/stable/distributed.html#shutdown (function operator())
[run-iket] Auto-computed context buffer size: 0.10 GB (111,247,871 bytes)
[run-iket] ============= Run application for real profiling... =============
W0813 07:31:22.327000 37387 site-packages/torch/distributed/run.py:874] 
W0813 07:31:22.327000 37387 site-packages/torch/distributed/run.py:874] *****************************************
W0813 07:31:22.327000 37387 site-packages/torch/distributed/run.py:874] Setting OMP_NUM_THREADS environment variable for each process to be 1 in default, to avoid your system being overloaded, please further tune the variable for optimal performance in your application as needed. 
W0813 07:31:22.327000 37387 site-packages/torch/distributed/run.py:874] *****************************************
KNOBS {'mma_tiler_mnk': (256, 64, 256), 'cluster_shape_mnk': (2, 1, 1), 'group_hint': 512, 'flag_batch': 4, 'epi_flag_batch': (1, 2), 'token_back_mode': 'epi_warps', 'load_balance_mode': 'atomic_counter'}
MANIFEST warmup mode=profile tokens=128 combine=bf16 ikr=False experts=384 topk=6 h=7168 i=3072
MANIFEST exec=0 tokens=128 combine=bf16 ikr=False
MANIFEST exec=1 tokens=128 combine=bf16 ikr=False
[rank0]:[W813 07:31:49.942287830 ProcessGroupNCCL.cpp:1648] Warning: WARNING: destroy_process_group() was not called before program exit, which can leak resources. For more info, please see https://pytorch.org/docs/stable/distributed.html#shutdown (function operator())
[run-iket] Warning: decoded_results.json missing stringTable or locationTable. This may indicate an older C++ injection library was used.
[run-iket] Dumped json trace to /home/brayden/iket-lab/out/megamoe_m128_winner/iket_pid_0x920b.trace.json
[run-iket] Dumped json trace to /home/brayden/iket-lab/out/megamoe_m128_winner/iket_pid_0x9256.trace.json
[run-iket] Dumped json trace to /home/brayden/iket-lab/out/megamoe_m128_winner/iket_pid_0x9258.trace.json
[run-iket] Dumped json trace to /home/brayden/iket-lab/out/megamoe_m128_winner/iket_pid_0x9254.trace.json
[run-iket] Dumped json trace to /home/brayden/iket-lab/out/megamoe_m128_winner/iket_pid_0x9253.trace.json
[run-iket] Dumped json trace to /home/brayden/iket-lab/out/megamoe_m128_winner/iket_pid_0x9255.trace.json
[run-iket] Dumped json trace to /home/brayden/iket-lab/out/megamoe_m128_winner/iket_pid_0x9252.trace.json
[run-iket] Dumped json trace to /home/brayden/iket-lab/out/megamoe_m128_winner/iket_pid_0x9251.trace.json
[run-iket] Dumped json trace to /home/brayden/iket-lab/out/megamoe_m128_winner/iket_pid_0x9257.trace.json
[run-iket] Removing intermediate output directory: /home/brayden/iket-lab/out/megamoe_m128_winner/tracker
[run-iket] Removing intermediate output directory: /home/brayden/iket-lab/out/megamoe_m128_winner/gen-config
[run-iket] Removing intermediate output directory: /home/brayden/iket-lab/out/megamoe_m128_winner/iket
