W0813 03:38:43.335000 6291 site-packages/torch/distributed/run.py:874] 
W0813 03:38:43.335000 6291 site-packages/torch/distributed/run.py:874] *****************************************
W0813 03:38:43.335000 6291 site-packages/torch/distributed/run.py:874] Setting OMP_NUM_THREADS environment variable for each process to be 1 in default, to avoid your system being overloaded, please further tune the variable for optimal performance in your application as needed. 
W0813 03:38:43.335000 6291 site-packages/torch/distributed/run.py:874] *****************************************
MANIFEST warmup mode=oracle tokens=64 combine=bf16 ikr=False experts=384 topk=6 h=7168 i=3072
ORACLE rank=3 rel_l2=0.002612 max|d|=512
ORACLE rank=4 rel_l2=0.002623 max|d|=512
ORACLE rank=7 rel_l2=0.002621 max|d|=512
ORACLE rank=0 rel_l2=0.002621 max|d|=512
ORACLE rank=6 rel_l2=0.002627 max|d|=512
ORACLE rank=2 rel_l2=0.002618 max|d|=512
ORACLE rank=1 rel_l2=0.002627 max|d|=512
ORACLE rank=5 rel_l2=0.002621 max|d|=512
[rank0]:[W813 03:39:11.416010064 ProcessGroupNCCL.cpp:1648] Warning: WARNING: destroy_process_group() was not called before program exit, which can leak resources. For more info, please see https://pytorch.org/docs/stable/distributed.html#shutdown (function operator())
oracle-ep8: 0
W0813 03:39:15.223000 6636 site-packages/torch/distributed/run.py:874] 
W0813 03:39:15.223000 6636 site-packages/torch/distributed/run.py:874] *****************************************
W0813 03:39:15.223000 6636 site-packages/torch/distributed/run.py:874] Setting OMP_NUM_THREADS environment variable for each process to be 1 in default, to avoid your system being overloaded, please further tune the variable for optimal performance in your application as needed. 
W0813 03:39:15.223000 6636 site-packages/torch/distributed/run.py:874] *****************************************
MANIFEST warmup mode=bench tokens=4096 combine=bf16 ikr=False experts=384 topk=6 h=7168 i=3072
/home/brayden/iket-lab/flashinfer/flashinfer/testing/utils.py:1660: UserWarning: CUPTI is not installed. Try 'pip install -U cupti-python'. Falling back to CUDA events for benchmarking.
  return bench_gpu_time_with_cupti(
/home/brayden/iket-lab/flashinfer/flashinfer/testing/utils.py:1660: UserWarning: CUPTI is not installed. Try 'pip install -U cupti-python'. Falling back to CUDA events for benchmarking.
  return bench_gpu_time_with_cupti(
/home/brayden/iket-lab/flashinfer/flashinfer/testing/utils.py:1660: UserWarning: CUPTI is not installed. Try 'pip install -U cupti-python'. Falling back to CUDA events for benchmarking.
  return bench_gpu_time_with_cupti(
/home/brayden/iket-lab/flashinfer/flashinfer/testing/utils.py:1660: UserWarning: CUPTI is not installed. Try 'pip install -U cupti-python'. Falling back to CUDA events for benchmarking.
  return bench_gpu_time_with_cupti(
/home/brayden/iket-lab/flashinfer/flashinfer/testing/utils.py:1660: UserWarning: CUPTI is not installed. Try 'pip install -U cupti-python'. Falling back to CUDA events for benchmarking.
  return bench_gpu_time_with_cupti(
/home/brayden/iket-lab/flashinfer/flashinfer/testing/utils.py:1660: UserWarning: CUPTI is not installed. Try 'pip install -U cupti-python'. Falling back to CUDA events for benchmarking.
  return bench_gpu_time_with_cupti(
/home/brayden/iket-lab/flashinfer/flashinfer/testing/utils.py:1660: UserWarning: CUPTI is not installed. Try 'pip install -U cupti-python'. Falling back to CUDA events for benchmarking.
  return bench_gpu_time_with_cupti(
/home/brayden/iket-lab/flashinfer/flashinfer/testing/utils.py:1660: UserWarning: CUPTI is not installed. Try 'pip install -U cupti-python'. Falling back to CUDA events for benchmarking.
  return bench_gpu_time_with_cupti(
BENCH rank=6 tokens=4096 combine=bf16 ikr=False knobs=none median_ms=0.9380 n=30
BENCH rank=0 tokens=4096 combine=bf16 ikr=False knobs=none median_ms=0.9380 n=30BENCH rank=3 tokens=4096 combine=bf16 ikr=False knobs=none median_ms=0.9380 n=30BENCH rank=1 tokens=4096 combine=bf16 ikr=False knobs=none median_ms=0.9380 n=30
BENCH rank=4 tokens=4096 combine=bf16 ikr=False knobs=none median_ms=0.9380 n=30

BENCH rank=2 tokens=4096 combine=bf16 ikr=False knobs=none median_ms=0.9380 n=30BENCH rank=7 tokens=4096 combine=bf16 ikr=False knobs=none median_ms=0.9380 n=30


BENCH rank=5 tokens=4096 combine=bf16 ikr=False knobs=none median_ms=0.9380 n=30
[rank0]:[W813 03:39:43.627729901 ProcessGroupNCCL.cpp:1648] Warning: WARNING: destroy_process_group() was not called before program exit, which can leak resources. For more info, please see https://pytorch.org/docs/stable/distributed.html#shutdown (function operator())
bench [--tokens 4096]: 0
W0813 03:39:46.758000 6974 site-packages/torch/distributed/run.py:874] 
W0813 03:39:46.758000 6974 site-packages/torch/distributed/run.py:874] *****************************************
W0813 03:39:46.758000 6974 site-packages/torch/distributed/run.py:874] Setting OMP_NUM_THREADS environment variable for each process to be 1 in default, to avoid your system being overloaded, please further tune the variable for optimal performance in your application as needed. 
W0813 03:39:46.758000 6974 site-packages/torch/distributed/run.py:874] *****************************************
MANIFEST warmup mode=bench tokens=4096 combine=nvfp4 ikr=False experts=384 topk=6 h=7168 i=3072
/home/brayden/iket-lab/flashinfer/flashinfer/testing/utils.py:1660: UserWarning: CUPTI is not installed. Try 'pip install -U cupti-python'. Falling back to CUDA events for benchmarking.
  return bench_gpu_time_with_cupti(
/home/brayden/iket-lab/flashinfer/flashinfer/testing/utils.py:1660: UserWarning: CUPTI is not installed. Try 'pip install -U cupti-python'. Falling back to CUDA events for benchmarking.
  return bench_gpu_time_with_cupti(
/home/brayden/iket-lab/flashinfer/flashinfer/testing/utils.py:1660: UserWarning: CUPTI is not installed. Try 'pip install -U cupti-python'. Falling back to CUDA events for benchmarking.
  return bench_gpu_time_with_cupti(
/home/brayden/iket-lab/flashinfer/flashinfer/testing/utils.py:1660: UserWarning: CUPTI is not installed. Try 'pip install -U cupti-python'. Falling back to CUDA events for benchmarking.
  return bench_gpu_time_with_cupti(
/home/brayden/iket-lab/flashinfer/flashinfer/testing/utils.py:1660: UserWarning: CUPTI is not installed. Try 'pip install -U cupti-python'. Falling back to CUDA events for benchmarking.
  return bench_gpu_time_with_cupti(
/home/brayden/iket-lab/flashinfer/flashinfer/testing/utils.py:1660: UserWarning: CUPTI is not installed. Try 'pip install -U cupti-python'. Falling back to CUDA events for benchmarking.
  return bench_gpu_time_with_cupti(
/home/brayden/iket-lab/flashinfer/flashinfer/testing/utils.py:1660: UserWarning: CUPTI is not installed. Try 'pip install -U cupti-python'. Falling back to CUDA events for benchmarking.
  return bench_gpu_time_with_cupti(
/home/brayden/iket-lab/flashinfer/flashinfer/testing/utils.py:1660: UserWarning: CUPTI is not installed. Try 'pip install -U cupti-python'. Falling back to CUDA events for benchmarking.
  return bench_gpu_time_with_cupti(
BENCH rank=2 tokens=4096 combine=nvfp4 ikr=False knobs=none median_ms=0.8161 n=30BENCH rank=6 tokens=4096 combine=nvfp4 ikr=False knobs=none median_ms=0.8161 n=30BENCH rank=4 tokens=4096 combine=nvfp4 ikr=False knobs=none median_ms=0.8161 n=30BENCH rank=1 tokens=4096 combine=nvfp4 ikr=False knobs=none median_ms=0.8161 n=30BENCH rank=0 tokens=4096 combine=nvfp4 ikr=False knobs=none median_ms=0.8161 n=30BENCH rank=3 tokens=4096 combine=nvfp4 ikr=False knobs=none median_ms=0.8161 n=30BENCH rank=5 tokens=4096 combine=nvfp4 ikr=False knobs=none median_ms=0.8161 n=30






BENCH rank=7 tokens=4096 combine=nvfp4 ikr=False knobs=none median_ms=0.8161 n=30
[rank0]:[W813 03:40:13.803902901 ProcessGroupNCCL.cpp:1648] Warning: WARNING: destroy_process_group() was not called before program exit, which can leak resources. For more info, please see https://pytorch.org/docs/stable/distributed.html#shutdown (function operator())
bench [--tokens 4096 --combine nvfp4]: 0
W0813 03:40:17.049000 7319 site-packages/torch/distributed/run.py:874] 
W0813 03:40:17.049000 7319 site-packages/torch/distributed/run.py:874] *****************************************
W0813 03:40:17.049000 7319 site-packages/torch/distributed/run.py:874] Setting OMP_NUM_THREADS environment variable for each process to be 1 in default, to avoid your system being overloaded, please further tune the variable for optimal performance in your application as needed. 
W0813 03:40:17.049000 7319 site-packages/torch/distributed/run.py:874] *****************************************
MANIFEST warmup mode=bench tokens=4096 combine=bf16 ikr=True experts=384 topk=6 h=7168 i=3072
/home/brayden/iket-lab/flashinfer/flashinfer/testing/utils.py:1660: UserWarning: CUPTI is not installed. Try 'pip install -U cupti-python'. Falling back to CUDA events for benchmarking.
  return bench_gpu_time_with_cupti(
/home/brayden/iket-lab/flashinfer/flashinfer/testing/utils.py:1660: UserWarning: CUPTI is not installed. Try 'pip install -U cupti-python'. Falling back to CUDA events for benchmarking.
  return bench_gpu_time_with_cupti(
/home/brayden/iket-lab/flashinfer/flashinfer/testing/utils.py:1660: UserWarning: CUPTI is not installed. Try 'pip install -U cupti-python'. Falling back to CUDA events for benchmarking.
  return bench_gpu_time_with_cupti(
/home/brayden/iket-lab/flashinfer/flashinfer/testing/utils.py:1660: UserWarning: CUPTI is not installed. Try 'pip install -U cupti-python'. Falling back to CUDA events for benchmarking.
  return bench_gpu_time_with_cupti(
/home/brayden/iket-lab/flashinfer/flashinfer/testing/utils.py:1660: UserWarning: CUPTI is not installed. Try 'pip install -U cupti-python'. Falling back to CUDA events for benchmarking.
  return bench_gpu_time_with_cupti(
/home/brayden/iket-lab/flashinfer/flashinfer/testing/utils.py:1660: UserWarning: CUPTI is not installed. Try 'pip install -U cupti-python'. Falling back to CUDA events for benchmarking.
  return bench_gpu_time_with_cupti(
/home/brayden/iket-lab/flashinfer/flashinfer/testing/utils.py:1660: UserWarning: CUPTI is not installed. Try 'pip install -U cupti-python'. Falling back to CUDA events for benchmarking.
  return bench_gpu_time_with_cupti(
/home/brayden/iket-lab/flashinfer/flashinfer/testing/utils.py:1660: UserWarning: CUPTI is not installed. Try 'pip install -U cupti-python'. Falling back to CUDA events for benchmarking.
  return bench_gpu_time_with_cupti(
BENCH rank=7 tokens=4096 combine=bf16 ikr=True knobs=none median_ms=0.9555 n=30BENCH rank=5 tokens=4096 combine=bf16 ikr=True knobs=none median_ms=0.9555 n=30BENCH rank=4 tokens=4096 combine=bf16 ikr=True knobs=none median_ms=0.9555 n=30BENCH rank=0 tokens=4096 combine=bf16 ikr=True knobs=none median_ms=0.9555 n=30
BENCH rank=6 tokens=4096 combine=bf16 ikr=True knobs=none median_ms=0.9555 n=30BENCH rank=2 tokens=4096 combine=bf16 ikr=True knobs=none median_ms=0.9555 n=30BENCH rank=1 tokens=4096 combine=bf16 ikr=True knobs=none median_ms=0.9555 n=30





BENCH rank=3 tokens=4096 combine=bf16 ikr=True knobs=none median_ms=0.9555 n=30
[rank0]:[W813 03:40:43.690744373 ProcessGroupNCCL.cpp:1648] Warning: WARNING: destroy_process_group() was not called before program exit, which can leak resources. For more info, please see https://pytorch.org/docs/stable/distributed.html#shutdown (function operator())
bench [--tokens 4096 --ikr]: 0
W0813 03:40:46.485000 7657 site-packages/torch/distributed/run.py:874] 
W0813 03:40:46.485000 7657 site-packages/torch/distributed/run.py:874] *****************************************
W0813 03:40:46.485000 7657 site-packages/torch/distributed/run.py:874] Setting OMP_NUM_THREADS environment variable for each process to be 1 in default, to avoid your system being overloaded, please further tune the variable for optimal performance in your application as needed. 
W0813 03:40:46.485000 7657 site-packages/torch/distributed/run.py:874] *****************************************
/home/brayden/iket-lab/scripts/megamoe_iket_driver.py:125: UserWarning: knobs='auto' runs a COLLECTIVE multi-minute compile+timing sweep at the first forward — never use it inside a serving engine. Tune offline instead (python -m flashinfer.moe_ep.tune); winners persist in the knob cache and knobs=None then resolves them with a pure lookup.
  kernel = create_mega_kernel(
/home/brayden/iket-lab/scripts/megamoe_iket_driver.py:125: UserWarning: knobs='auto' runs a COLLECTIVE multi-minute compile+timing sweep at the first forward — never use it inside a serving engine. Tune offline instead (python -m flashinfer.moe_ep.tune); winners persist in the knob cache and knobs=None then resolves them with a pure lookup.
  kernel = create_mega_kernel(
/home/brayden/iket-lab/scripts/megamoe_iket_driver.py:125: UserWarning: knobs='auto' runs a COLLECTIVE multi-minute compile+timing sweep at the first forward — never use it inside a serving engine. Tune offline instead (python -m flashinfer.moe_ep.tune); winners persist in the knob cache and knobs=None then resolves them with a pure lookup.
  kernel = create_mega_kernel(
/home/brayden/iket-lab/scripts/megamoe_iket_driver.py:125: UserWarning: knobs='auto' runs a COLLECTIVE multi-minute compile+timing sweep at the first forward — never use it inside a serving engine. Tune offline instead (python -m flashinfer.moe_ep.tune); winners persist in the knob cache and knobs=None then resolves them with a pure lookup.
  kernel = create_mega_kernel(
/home/brayden/iket-lab/scripts/megamoe_iket_driver.py:125: UserWarning: knobs='auto' runs a COLLECTIVE multi-minute compile+timing sweep at the first forward — never use it inside a serving engine. Tune offline instead (python -m flashinfer.moe_ep.tune); winners persist in the knob cache and knobs=None then resolves them with a pure lookup.
  kernel = create_mega_kernel(
/home/brayden/iket-lab/scripts/megamoe_iket_driver.py:125: UserWarning: knobs='auto' runs a COLLECTIVE multi-minute compile+timing sweep at the first forward — never use it inside a serving engine. Tune offline instead (python -m flashinfer.moe_ep.tune); winners persist in the knob cache and knobs=None then resolves them with a pure lookup.
  kernel = create_mega_kernel(
/home/brayden/iket-lab/scripts/megamoe_iket_driver.py:125: UserWarning: knobs='auto' runs a COLLECTIVE multi-minute compile+timing sweep at the first forward — never use it inside a serving engine. Tune offline instead (python -m flashinfer.moe_ep.tune); winners persist in the knob cache and knobs=None then resolves them with a pure lookup.
  kernel = create_mega_kernel(
/home/brayden/iket-lab/scripts/megamoe_iket_driver.py:125: UserWarning: knobs='auto' runs a COLLECTIVE multi-minute compile+timing sweep at the first forward — never use it inside a serving engine. Tune offline instead (python -m flashinfer.moe_ep.tune); winners persist in the knob cache and knobs=None then resolves them with a pure lookup.
  kernel = create_mega_kernel(
MANIFEST warmup mode=bench tokens=4096 combine=nvfp4 ikr=False experts=384 topk=6 h=7168 i=3072
/home/brayden/iket-lab/flashinfer/flashinfer/testing/utils.py:1660: UserWarning: CUPTI is not installed. Try 'pip install -U cupti-python'. Falling back to CUDA events for benchmarking.
  return bench_gpu_time_with_cupti(
/home/brayden/iket-lab/flashinfer/flashinfer/testing/utils.py:1660: UserWarning: CUPTI is not installed. Try 'pip install -U cupti-python'. Falling back to CUDA events for benchmarking.
  return bench_gpu_time_with_cupti(
/home/brayden/iket-lab/flashinfer/flashinfer/testing/utils.py:1660: UserWarning: CUPTI is not installed. Try 'pip install -U cupti-python'. Falling back to CUDA events for benchmarking.
  return bench_gpu_time_with_cupti(
/home/brayden/iket-lab/flashinfer/flashinfer/testing/utils.py:1660: UserWarning: CUPTI is not installed. Try 'pip install -U cupti-python'. Falling back to CUDA events for benchmarking.
  return bench_gpu_time_with_cupti(
/home/brayden/iket-lab/flashinfer/flashinfer/testing/utils.py:1660: UserWarning: CUPTI is not installed. Try 'pip install -U cupti-python'. Falling back to CUDA events for benchmarking.
  return bench_gpu_time_with_cupti(
/home/brayden/iket-lab/flashinfer/flashinfer/testing/utils.py:1660: UserWarning: CUPTI is not installed. Try 'pip install -U cupti-python'. Falling back to CUDA events for benchmarking.
  return bench_gpu_time_with_cupti(
/home/brayden/iket-lab/flashinfer/flashinfer/testing/utils.py:1660: UserWarning: CUPTI is not installed. Try 'pip install -U cupti-python'. Falling back to CUDA events for benchmarking.
  return bench_gpu_time_with_cupti(
/home/brayden/iket-lab/flashinfer/flashinfer/testing/utils.py:1660: UserWarning: CUPTI is not installed. Try 'pip install -U cupti-python'. Falling back to CUDA events for benchmarking.
  return bench_gpu_time_with_cupti(
BENCH rank=0 tokens=4096 combine=nvfp4 ikr=False knobs=auto median_ms=0.8163 n=30BENCH rank=1 tokens=4096 combine=nvfp4 ikr=False knobs=auto median_ms=0.8163 n=30BENCH rank=6 tokens=4096 combine=nvfp4 ikr=False knobs=auto median_ms=0.8163 n=30BENCH rank=5 tokens=4096 combine=nvfp4 ikr=False knobs=auto median_ms=0.8163 n=30
BENCH rank=2 tokens=4096 combine=nvfp4 ikr=False knobs=auto median_ms=0.8163 n=30BENCH rank=4 tokens=4096 combine=nvfp4 ikr=False knobs=auto median_ms=0.8163 n=30BENCH rank=7 tokens=4096 combine=nvfp4 ikr=False knobs=auto median_ms=0.8163 n=30





BENCH rank=3 tokens=4096 combine=nvfp4 ikr=False knobs=auto median_ms=0.8163 n=30
[rank0]:[W813 03:41:13.226479025 ProcessGroupNCCL.cpp:1648] Warning: WARNING: destroy_process_group() was not called before program exit, which can leak resources. For more info, please see https://pytorch.org/docs/stable/distributed.html#shutdown (function operator())
bench [--tokens 4096 --combine nvfp4 --knobs auto]: 0
W0813 03:41:17.521000 8002 site-packages/torch/distributed/run.py:874] 
W0813 03:41:17.521000 8002 site-packages/torch/distributed/run.py:874] *****************************************
W0813 03:41:17.521000 8002 site-packages/torch/distributed/run.py:874] Setting OMP_NUM_THREADS environment variable for each process to be 1 in default, to avoid your system being overloaded, please further tune the variable for optimal performance in your application as needed. 
W0813 03:41:17.521000 8002 site-packages/torch/distributed/run.py:874] *****************************************
MANIFEST warmup mode=bench tokens=128 combine=bf16 ikr=False experts=384 topk=6 h=7168 i=3072
/home/brayden/iket-lab/flashinfer/flashinfer/testing/utils.py:1660: UserWarning: CUPTI is not installed. Try 'pip install -U cupti-python'. Falling back to CUDA events for benchmarking.
  return bench_gpu_time_with_cupti(
/home/brayden/iket-lab/flashinfer/flashinfer/testing/utils.py:1660: UserWarning: CUPTI is not installed. Try 'pip install -U cupti-python'. Falling back to CUDA events for benchmarking.
  return bench_gpu_time_with_cupti(
/home/brayden/iket-lab/flashinfer/flashinfer/testing/utils.py:1660: UserWarning: CUPTI is not installed. Try 'pip install -U cupti-python'. Falling back to CUDA events for benchmarking.
  return bench_gpu_time_with_cupti(
/home/brayden/iket-lab/flashinfer/flashinfer/testing/utils.py:1660: UserWarning: CUPTI is not installed. Try 'pip install -U cupti-python'. Falling back to CUDA events for benchmarking.
  return bench_gpu_time_with_cupti(
/home/brayden/iket-lab/flashinfer/flashinfer/testing/utils.py:1660: UserWarning: CUPTI is not installed. Try 'pip install -U cupti-python'. Falling back to CUDA events for benchmarking.
  return bench_gpu_time_with_cupti(
/home/brayden/iket-lab/flashinfer/flashinfer/testing/utils.py:1660: UserWarning: CUPTI is not installed. Try 'pip install -U cupti-python'. Falling back to CUDA events for benchmarking.
  return bench_gpu_time_with_cupti(
/home/brayden/iket-lab/flashinfer/flashinfer/testing/utils.py:1660: UserWarning: CUPTI is not installed. Try 'pip install -U cupti-python'. Falling back to CUDA events for benchmarking.
  return bench_gpu_time_with_cupti(
/home/brayden/iket-lab/flashinfer/flashinfer/testing/utils.py:1660: UserWarning: CUPTI is not installed. Try 'pip install -U cupti-python'. Falling back to CUDA events for benchmarking.
  return bench_gpu_time_with_cupti(
BENCH rank=6 tokens=128 combine=bf16 ikr=False knobs=none median_ms=0.3432 n=30BENCH rank=3 tokens=128 combine=bf16 ikr=False knobs=none median_ms=0.3432 n=30BENCH rank=2 tokens=128 combine=bf16 ikr=False knobs=none median_ms=0.3432 n=30
BENCH rank=7 tokens=128 combine=bf16 ikr=False knobs=none median_ms=0.3432 n=30BENCH rank=0 tokens=128 combine=bf16 ikr=False knobs=none median_ms=0.3432 n=30BENCH rank=5 tokens=128 combine=bf16 ikr=False knobs=none median_ms=0.3432 n=30


BENCH rank=4 tokens=128 combine=bf16 ikr=False knobs=none median_ms=0.3432 n=30BENCH rank=1 tokens=128 combine=bf16 ikr=False knobs=none median_ms=0.3432 n=30



[rank0]:[W813 03:41:42.395942000 ProcessGroupNCCL.cpp:1648] Warning: WARNING: destroy_process_group() was not called before program exit, which can leak resources. For more info, please see https://pytorch.org/docs/stable/distributed.html#shutdown (function operator())
bench [--tokens 128]: 0
W0813 03:41:46.161000 8346 site-packages/torch/distributed/run.py:874] 
W0813 03:41:46.161000 8346 site-packages/torch/distributed/run.py:874] *****************************************
W0813 03:41:46.161000 8346 site-packages/torch/distributed/run.py:874] Setting OMP_NUM_THREADS environment variable for each process to be 1 in default, to avoid your system being overloaded, please further tune the variable for optimal performance in your application as needed. 
W0813 03:41:46.161000 8346 site-packages/torch/distributed/run.py:874] *****************************************
MANIFEST warmup mode=bench tokens=128 combine=nvfp4 ikr=False experts=384 topk=6 h=7168 i=3072
/home/brayden/iket-lab/flashinfer/flashinfer/testing/utils.py:1660: UserWarning: CUPTI is not installed. Try 'pip install -U cupti-python'. Falling back to CUDA events for benchmarking.
  return bench_gpu_time_with_cupti(
/home/brayden/iket-lab/flashinfer/flashinfer/testing/utils.py:1660: UserWarning: CUPTI is not installed. Try 'pip install -U cupti-python'. Falling back to CUDA events for benchmarking.
  return bench_gpu_time_with_cupti(
/home/brayden/iket-lab/flashinfer/flashinfer/testing/utils.py:1660: UserWarning: CUPTI is not installed. Try 'pip install -U cupti-python'. Falling back to CUDA events for benchmarking.
  return bench_gpu_time_with_cupti(
/home/brayden/iket-lab/flashinfer/flashinfer/testing/utils.py:1660: UserWarning: CUPTI is not installed. Try 'pip install -U cupti-python'. Falling back to CUDA events for benchmarking.
  return bench_gpu_time_with_cupti(
/home/brayden/iket-lab/flashinfer/flashinfer/testing/utils.py:1660: UserWarning: CUPTI is not installed. Try 'pip install -U cupti-python'. Falling back to CUDA events for benchmarking.
  return bench_gpu_time_with_cupti(
/home/brayden/iket-lab/flashinfer/flashinfer/testing/utils.py:1660: UserWarning: CUPTI is not installed. Try 'pip install -U cupti-python'. Falling back to CUDA events for benchmarking.
  return bench_gpu_time_with_cupti(
/home/brayden/iket-lab/flashinfer/flashinfer/testing/utils.py:1660: UserWarning: CUPTI is not installed. Try 'pip install -U cupti-python'. Falling back to CUDA events for benchmarking.
  return bench_gpu_time_with_cupti(
/home/brayden/iket-lab/flashinfer/flashinfer/testing/utils.py:1660: UserWarning: CUPTI is not installed. Try 'pip install -U cupti-python'. Falling back to CUDA events for benchmarking.
  return bench_gpu_time_with_cupti(
BENCH rank=7 tokens=128 combine=nvfp4 ikr=False knobs=none median_ms=0.3524 n=30BENCH rank=5 tokens=128 combine=nvfp4 ikr=False knobs=none median_ms=0.3524 n=30

BENCH rank=3 tokens=128 combine=nvfp4 ikr=False knobs=none median_ms=0.3524 n=30BENCH rank=0 tokens=128 combine=nvfp4 ikr=False knobs=none median_ms=0.3524 n=30BENCH rank=1 tokens=128 combine=nvfp4 ikr=False knobs=none median_ms=0.3524 n=30BENCH rank=6 tokens=128 combine=nvfp4 ikr=False knobs=none median_ms=0.3524 n=30
BENCH rank=2 tokens=128 combine=nvfp4 ikr=False knobs=none median_ms=0.3524 n=30



BENCH rank=4 tokens=128 combine=nvfp4 ikr=False knobs=none median_ms=0.3524 n=30
[rank0]:[W813 03:42:11.421549703 ProcessGroupNCCL.cpp:1648] Warning: WARNING: destroy_process_group() was not called before program exit, which can leak resources. For more info, please see https://pytorch.org/docs/stable/distributed.html#shutdown (function operator())
bench [--tokens 128 --combine nvfp4]: 0
W0813 03:42:15.634000 8691 site-packages/torch/distributed/run.py:874] 
W0813 03:42:15.634000 8691 site-packages/torch/distributed/run.py:874] *****************************************
W0813 03:42:15.634000 8691 site-packages/torch/distributed/run.py:874] Setting OMP_NUM_THREADS environment variable for each process to be 1 in default, to avoid your system being overloaded, please further tune the variable for optimal performance in your application as needed. 
W0813 03:42:15.634000 8691 site-packages/torch/distributed/run.py:874] *****************************************
/home/brayden/iket-lab/scripts/megamoe_iket_driver.py:125: UserWarning: knobs='auto' runs a COLLECTIVE multi-minute compile+timing sweep at the first forward — never use it inside a serving engine. Tune offline instead (python -m flashinfer.moe_ep.tune); winners persist in the knob cache and knobs=None then resolves them with a pure lookup.
  kernel = create_mega_kernel(
/home/brayden/iket-lab/scripts/megamoe_iket_driver.py:125: UserWarning: knobs='auto' runs a COLLECTIVE multi-minute compile+timing sweep at the first forward — never use it inside a serving engine. Tune offline instead (python -m flashinfer.moe_ep.tune); winners persist in the knob cache and knobs=None then resolves them with a pure lookup.
  kernel = create_mega_kernel(
/home/brayden/iket-lab/scripts/megamoe_iket_driver.py:125: UserWarning: knobs='auto' runs a COLLECTIVE multi-minute compile+timing sweep at the first forward — never use it inside a serving engine. Tune offline instead (python -m flashinfer.moe_ep.tune); winners persist in the knob cache and knobs=None then resolves them with a pure lookup.
  kernel = create_mega_kernel(
/home/brayden/iket-lab/scripts/megamoe_iket_driver.py:125: UserWarning: knobs='auto' runs a COLLECTIVE multi-minute compile+timing sweep at the first forward — never use it inside a serving engine. Tune offline instead (python -m flashinfer.moe_ep.tune); winners persist in the knob cache and knobs=None then resolves them with a pure lookup.
  kernel = create_mega_kernel(
/home/brayden/iket-lab/scripts/megamoe_iket_driver.py:125: UserWarning: knobs='auto' runs a COLLECTIVE multi-minute compile+timing sweep at the first forward — never use it inside a serving engine. Tune offline instead (python -m flashinfer.moe_ep.tune); winners persist in the knob cache and knobs=None then resolves them with a pure lookup.
  kernel = create_mega_kernel(
/home/brayden/iket-lab/scripts/megamoe_iket_driver.py:125: UserWarning: knobs='auto' runs a COLLECTIVE multi-minute compile+timing sweep at the first forward — never use it inside a serving engine. Tune offline instead (python -m flashinfer.moe_ep.tune); winners persist in the knob cache and knobs=None then resolves them with a pure lookup.
  kernel = create_mega_kernel(
/home/brayden/iket-lab/scripts/megamoe_iket_driver.py:125: UserWarning: knobs='auto' runs a COLLECTIVE multi-minute compile+timing sweep at the first forward — never use it inside a serving engine. Tune offline instead (python -m flashinfer.moe_ep.tune); winners persist in the knob cache and knobs=None then resolves them with a pure lookup.
  kernel = create_mega_kernel(
/home/brayden/iket-lab/scripts/megamoe_iket_driver.py:125: UserWarning: knobs='auto' runs a COLLECTIVE multi-minute compile+timing sweep at the first forward — never use it inside a serving engine. Tune offline instead (python -m flashinfer.moe_ep.tune); winners persist in the knob cache and knobs=None then resolves them with a pure lookup.
  kernel = create_mega_kernel(
MANIFEST warmup mode=bench tokens=128 combine=bf16 ikr=False experts=384 topk=6 h=7168 i=3072
/home/brayden/iket-lab/flashinfer/flashinfer/testing/utils.py:1660: UserWarning: CUPTI is not installed. Try 'pip install -U cupti-python'. Falling back to CUDA events for benchmarking.
  return bench_gpu_time_with_cupti(
/home/brayden/iket-lab/flashinfer/flashinfer/testing/utils.py:1660: UserWarning: CUPTI is not installed. Try 'pip install -U cupti-python'. Falling back to CUDA events for benchmarking.
  return bench_gpu_time_with_cupti(
/home/brayden/iket-lab/flashinfer/flashinfer/testing/utils.py:1660: UserWarning: CUPTI is not installed. Try 'pip install -U cupti-python'. Falling back to CUDA events for benchmarking.
  return bench_gpu_time_with_cupti(
/home/brayden/iket-lab/flashinfer/flashinfer/testing/utils.py:1660: UserWarning: CUPTI is not installed. Try 'pip install -U cupti-python'. Falling back to CUDA events for benchmarking.
  return bench_gpu_time_with_cupti(
/home/brayden/iket-lab/flashinfer/flashinfer/testing/utils.py:1660: UserWarning: CUPTI is not installed. Try 'pip install -U cupti-python'. Falling back to CUDA events for benchmarking.
  return bench_gpu_time_with_cupti(
/home/brayden/iket-lab/flashinfer/flashinfer/testing/utils.py:1660: UserWarning: CUPTI is not installed. Try 'pip install -U cupti-python'. Falling back to CUDA events for benchmarking.
  return bench_gpu_time_with_cupti(
/home/brayden/iket-lab/flashinfer/flashinfer/testing/utils.py:1660: UserWarning: CUPTI is not installed. Try 'pip install -U cupti-python'. Falling back to CUDA events for benchmarking.
  return bench_gpu_time_with_cupti(
/home/brayden/iket-lab/flashinfer/flashinfer/testing/utils.py:1660: UserWarning: CUPTI is not installed. Try 'pip install -U cupti-python'. Falling back to CUDA events for benchmarking.
  return bench_gpu_time_with_cupti(
BENCH rank=0 tokens=128 combine=bf16 ikr=False knobs=auto median_ms=0.3432 n=30BENCH rank=7 tokens=128 combine=bf16 ikr=False knobs=auto median_ms=0.3432 n=30BENCH rank=2 tokens=128 combine=bf16 ikr=False knobs=auto median_ms=0.3432 n=30BENCH rank=5 tokens=128 combine=bf16 ikr=False knobs=auto median_ms=0.3432 n=30BENCH rank=4 tokens=128 combine=bf16 ikr=False knobs=auto median_ms=0.3432 n=30
BENCH rank=1 tokens=128 combine=bf16 ikr=False knobs=auto median_ms=0.3432 n=30

BENCH rank=3 tokens=128 combine=bf16 ikr=False knobs=auto median_ms=0.3432 n=30



BENCH rank=6 tokens=128 combine=bf16 ikr=False knobs=auto median_ms=0.3432 n=30
[rank0]:[W813 03:42:41.141858973 ProcessGroupNCCL.cpp:1648] Warning: WARNING: destroy_process_group() was not called before program exit, which can leak resources. For more info, please see https://pytorch.org/docs/stable/distributed.html#shutdown (function operator())
bench [--tokens 128 --knobs auto]: 0
