W0813 03:56:02.316000 16415 site-packages/torch/distributed/run.py:874] 
W0813 03:56:02.316000 16415 site-packages/torch/distributed/run.py:874] *****************************************
W0813 03:56:02.316000 16415 site-packages/torch/distributed/run.py:874] Setting OMP_NUM_THREADS environment variable for each process to be 1 in default, to avoid your system being overloaded, please further tune the variable for optimal performance in your application as needed. 
W0813 03:56:02.316000 16415 site-packages/torch/distributed/run.py:874] *****************************************
/home/brayden/iket-lab/flashinfer/flashinfer/testing/utils.py:1660: UserWarning: CUPTI is not installed. Try 'pip install -U cupti-python'. Falling back to CUDA events for benchmarking.
  return bench_gpu_time_with_cupti(
/home/brayden/iket-lab/flashinfer/flashinfer/testing/utils.py:1660: UserWarning: CUPTI is not installed. Try 'pip install -U cupti-python'. Falling back to CUDA events for benchmarking.
  return bench_gpu_time_with_cupti(
/home/brayden/iket-lab/flashinfer/flashinfer/testing/utils.py:1660: UserWarning: CUPTI is not installed. Try 'pip install -U cupti-python'. Falling back to CUDA events for benchmarking.
  return bench_gpu_time_with_cupti(
/home/brayden/iket-lab/flashinfer/flashinfer/testing/utils.py:1660: UserWarning: CUPTI is not installed. Try 'pip install -U cupti-python'. Falling back to CUDA events for benchmarking.
  return bench_gpu_time_with_cupti(
/home/brayden/iket-lab/flashinfer/flashinfer/testing/utils.py:1660: UserWarning: CUPTI is not installed. Try 'pip install -U cupti-python'. Falling back to CUDA events for benchmarking.
  return bench_gpu_time_with_cupti(
/home/brayden/iket-lab/flashinfer/flashinfer/testing/utils.py:1660: UserWarning: CUPTI is not installed. Try 'pip install -U cupti-python'. Falling back to CUDA events for benchmarking.
  return bench_gpu_time_with_cupti(
/home/brayden/iket-lab/flashinfer/flashinfer/testing/utils.py:1660: UserWarning: CUPTI is not installed. Try 'pip install -U cupti-python'. Falling back to CUDA events for benchmarking.
  return bench_gpu_time_with_cupti(
/home/brayden/iket-lab/flashinfer/flashinfer/testing/utils.py:1660: UserWarning: CUPTI is not installed. Try 'pip install -U cupti-python'. Falling back to CUDA events for benchmarking.
  return bench_gpu_time_with_cupti(
BENCH-DG rank=1 tokens=128 median_ms=0.3217 n=30BENCH-DG rank=4 tokens=128 median_ms=0.3217 n=30BENCH-DG rank=2 tokens=128 median_ms=0.3217 n=30


BENCH-DG rank=5 tokens=128 median_ms=0.3217 n=30
BENCH-DG rank=3 tokens=128 median_ms=0.3217 n=30
BENCH-DG rank=0 tokens=128 median_ms=0.3217 n=30
BENCH-DG rank=7 tokens=128 median_ms=0.3217 n=30
BENCH-DG rank=6 tokens=128 median_ms=0.3217 n=30
deepgemm-128: 0
W0813 03:56:23.896000 16908 site-packages/torch/distributed/run.py:874] 
W0813 03:56:23.896000 16908 site-packages/torch/distributed/run.py:874] *****************************************
W0813 03:56:23.896000 16908 site-packages/torch/distributed/run.py:874] Setting OMP_NUM_THREADS environment variable for each process to be 1 in default, to avoid your system being overloaded, please further tune the variable for optimal performance in your application as needed. 
W0813 03:56:23.896000 16908 site-packages/torch/distributed/run.py:874] *****************************************
/home/brayden/iket-lab/flashinfer/flashinfer/testing/utils.py:1660: UserWarning: CUPTI is not installed. Try 'pip install -U cupti-python'. Falling back to CUDA events for benchmarking.
  return bench_gpu_time_with_cupti(
/home/brayden/iket-lab/flashinfer/flashinfer/testing/utils.py:1660: UserWarning: CUPTI is not installed. Try 'pip install -U cupti-python'. Falling back to CUDA events for benchmarking.
  return bench_gpu_time_with_cupti(
/home/brayden/iket-lab/flashinfer/flashinfer/testing/utils.py:1660: UserWarning: CUPTI is not installed. Try 'pip install -U cupti-python'. Falling back to CUDA events for benchmarking.
  return bench_gpu_time_with_cupti(
/home/brayden/iket-lab/flashinfer/flashinfer/testing/utils.py:1660: UserWarning: CUPTI is not installed. Try 'pip install -U cupti-python'. Falling back to CUDA events for benchmarking.
  return bench_gpu_time_with_cupti(
/home/brayden/iket-lab/flashinfer/flashinfer/testing/utils.py:1660: UserWarning: CUPTI is not installed. Try 'pip install -U cupti-python'. Falling back to CUDA events for benchmarking.
  return bench_gpu_time_with_cupti(
/home/brayden/iket-lab/flashinfer/flashinfer/testing/utils.py:1660: UserWarning: CUPTI is not installed. Try 'pip install -U cupti-python'. Falling back to CUDA events for benchmarking.
  return bench_gpu_time_with_cupti(
/home/brayden/iket-lab/flashinfer/flashinfer/testing/utils.py:1660: UserWarning: CUPTI is not installed. Try 'pip install -U cupti-python'. Falling back to CUDA events for benchmarking.
  return bench_gpu_time_with_cupti(
/home/brayden/iket-lab/flashinfer/flashinfer/testing/utils.py:1660: UserWarning: CUPTI is not installed. Try 'pip install -U cupti-python'. Falling back to CUDA events for benchmarking.
  return bench_gpu_time_with_cupti(
BENCH-DG rank=6 tokens=2048 median_ms=0.7506 n=30
BENCH-DG rank=5 tokens=2048 median_ms=0.7506 n=30
BENCH-DG rank=7 tokens=2048 median_ms=0.7506 n=30
BENCH-DG rank=4 tokens=2048 median_ms=0.7506 n=30
BENCH-DG rank=0 tokens=2048 median_ms=0.7506 n=30
BENCH-DG rank=3 tokens=2048 median_ms=0.7506 n=30
BENCH-DG rank=1 tokens=2048 median_ms=0.7506 n=30
BENCH-DG rank=2 tokens=2048 median_ms=0.7506 n=30
deepgemm-2048: 0
W0813 03:56:43.967000 17247 site-packages/torch/distributed/run.py:874] 
W0813 03:56:43.967000 17247 site-packages/torch/distributed/run.py:874] *****************************************
W0813 03:56:43.967000 17247 site-packages/torch/distributed/run.py:874] Setting OMP_NUM_THREADS environment variable for each process to be 1 in default, to avoid your system being overloaded, please further tune the variable for optimal performance in your application as needed. 
W0813 03:56:43.967000 17247 site-packages/torch/distributed/run.py:874] *****************************************
/home/brayden/iket-lab/flashinfer/flashinfer/testing/utils.py:1660: UserWarning: CUPTI is not installed. Try 'pip install -U cupti-python'. Falling back to CUDA events for benchmarking.
  return bench_gpu_time_with_cupti(
/home/brayden/iket-lab/flashinfer/flashinfer/testing/utils.py:1660: UserWarning: CUPTI is not installed. Try 'pip install -U cupti-python'. Falling back to CUDA events for benchmarking.
  return bench_gpu_time_with_cupti(
/home/brayden/iket-lab/flashinfer/flashinfer/testing/utils.py:1660: UserWarning: CUPTI is not installed. Try 'pip install -U cupti-python'. Falling back to CUDA events for benchmarking.
  return bench_gpu_time_with_cupti(
/home/brayden/iket-lab/flashinfer/flashinfer/testing/utils.py:1660: UserWarning: CUPTI is not installed. Try 'pip install -U cupti-python'. Falling back to CUDA events for benchmarking.
  return bench_gpu_time_with_cupti(
/home/brayden/iket-lab/flashinfer/flashinfer/testing/utils.py:1660: UserWarning: CUPTI is not installed. Try 'pip install -U cupti-python'. Falling back to CUDA events for benchmarking.
  return bench_gpu_time_with_cupti(
/home/brayden/iket-lab/flashinfer/flashinfer/testing/utils.py:1660: UserWarning: CUPTI is not installed. Try 'pip install -U cupti-python'. Falling back to CUDA events for benchmarking.
  return bench_gpu_time_with_cupti(
/home/brayden/iket-lab/flashinfer/flashinfer/testing/utils.py:1660: UserWarning: CUPTI is not installed. Try 'pip install -U cupti-python'. Falling back to CUDA events for benchmarking.
  return bench_gpu_time_with_cupti(
/home/brayden/iket-lab/flashinfer/flashinfer/testing/utils.py:1660: UserWarning: CUPTI is not installed. Try 'pip install -U cupti-python'. Falling back to CUDA events for benchmarking.
  return bench_gpu_time_with_cupti(
BENCH-DG rank=5 tokens=4096 median_ms=1.3620 n=30BENCH-DG rank=6 tokens=4096 median_ms=1.3620 n=30

BENCH-DG rank=7 tokens=4096 median_ms=1.3620 n=30
BENCH-DG rank=1 tokens=4096 median_ms=1.3620 n=30
BENCH-DG rank=0 tokens=4096 median_ms=1.3620 n=30BENCH-DG rank=4 tokens=4096 median_ms=1.3620 n=30
BENCH-DG rank=3 tokens=4096 median_ms=1.3620 n=30
BENCH-DG rank=2 tokens=4096 median_ms=1.3620 n=30

deepgemm-4096: 0
