W0813 04:16:59.260000 18464 site-packages/torch/distributed/run.py:874] 
W0813 04:16:59.260000 18464 site-packages/torch/distributed/run.py:874] *****************************************
W0813 04:16:59.260000 18464 site-packages/torch/distributed/run.py:874] Setting OMP_NUM_THREADS environment variable for each process to be 1 in default, to avoid your system being overloaded, please further tune the variable for optimal performance in your application as needed. 
W0813 04:16:59.260000 18464 site-packages/torch/distributed/run.py:874] *****************************************
YREF saved to out/yref/m128.rank*.pt
MANIFEST warmup mode=bench tokens=128 combine=bf16 ikr=False experts=384 topk=6 h=7168 i=3072
/home/brayden/iket-lab/flashinfer/flashinfer/testing/utils.py:1660: UserWarning: CUPTI is not installed. Try 'pip install -U cupti-python'. Falling back to CUDA events for benchmarking.
  return bench_gpu_time_with_cupti(
/home/brayden/iket-lab/flashinfer/flashinfer/testing/utils.py:1660: UserWarning: CUPTI is not installed. Try 'pip install -U cupti-python'. Falling back to CUDA events for benchmarking.
  return bench_gpu_time_with_cupti(
/home/brayden/iket-lab/flashinfer/flashinfer/testing/utils.py:1660: UserWarning: CUPTI is not installed. Try 'pip install -U cupti-python'. Falling back to CUDA events for benchmarking.
  return bench_gpu_time_with_cupti(
/home/brayden/iket-lab/flashinfer/flashinfer/testing/utils.py:1660: UserWarning: CUPTI is not installed. Try 'pip install -U cupti-python'. Falling back to CUDA events for benchmarking.
  return bench_gpu_time_with_cupti(
/home/brayden/iket-lab/flashinfer/flashinfer/testing/utils.py:1660: UserWarning: CUPTI is not installed. Try 'pip install -U cupti-python'. Falling back to CUDA events for benchmarking.
  return bench_gpu_time_with_cupti(
/home/brayden/iket-lab/flashinfer/flashinfer/testing/utils.py:1660: UserWarning: CUPTI is not installed. Try 'pip install -U cupti-python'. Falling back to CUDA events for benchmarking.
  return bench_gpu_time_with_cupti(
/home/brayden/iket-lab/flashinfer/flashinfer/testing/utils.py:1660: UserWarning: CUPTI is not installed. Try 'pip install -U cupti-python'. Falling back to CUDA events for benchmarking.
  return bench_gpu_time_with_cupti(
/home/brayden/iket-lab/flashinfer/flashinfer/testing/utils.py:1660: UserWarning: CUPTI is not installed. Try 'pip install -U cupti-python'. Falling back to CUDA events for benchmarking.
  return bench_gpu_time_with_cupti(
BENCH rank=5 tokens=128 combine=bf16 ikr=False knobs=none median_ms=0.3431 n=30BENCH rank=2 tokens=128 combine=bf16 ikr=False knobs=none median_ms=0.3431 n=30

BENCH rank=4 tokens=128 combine=bf16 ikr=False knobs=none median_ms=0.3431 n=30BENCH rank=1 tokens=128 combine=bf16 ikr=False knobs=none median_ms=0.3431 n=30BENCH rank=7 tokens=128 combine=bf16 ikr=False knobs=none median_ms=0.3431 n=30BENCH rank=6 tokens=128 combine=bf16 ikr=False knobs=none median_ms=0.3431 n=30
BENCH rank=0 tokens=128 combine=bf16 ikr=False knobs=none median_ms=0.3431 n=30



BENCH rank=3 tokens=128 combine=bf16 ikr=False knobs=none median_ms=0.3431 n=30
[rank0]:[W813 04:17:24.367099895 ProcessGroupNCCL.cpp:1648] Warning: WARNING: destroy_process_group() was not called before program exit, which can leak resources. For more info, please see https://pytorch.org/docs/stable/distributed.html#shutdown (function operator())
m128-base: 0
W0813 04:17:28.264000 18809 site-packages/torch/distributed/run.py:874] 
W0813 04:17:28.264000 18809 site-packages/torch/distributed/run.py:874] *****************************************
W0813 04:17:28.264000 18809 site-packages/torch/distributed/run.py:874] Setting OMP_NUM_THREADS environment variable for each process to be 1 in default, to avoid your system being overloaded, please further tune the variable for optimal performance in your application as needed. 
W0813 04:17:28.264000 18809 site-packages/torch/distributed/run.py:874] *****************************************
KNOBS {'mma_tiler_mnk': (256, 128, 256), 'cluster_shape_mnk': (2, 1, 1), 'group_hint': 512, 'flag_batch': 4, 'epi_flag_batch': (2, 4), 'token_back_mode': 'epi_warps', 'load_balance_mode': 'static'}
BITEXACT rank=2 exact=True max|d|=0
BITEXACT rank=1 exact=True max|d|=0
BITEXACT rank=6 exact=True max|d|=0
BITEXACT rank=4 exact=True max|d|=0
BITEXACT rank=7 exact=True max|d|=0BITEXACT rank=3 exact=True max|d|=0BITEXACT rank=0 exact=True max|d|=0


MANIFEST warmup mode=bench tokens=128 combine=bf16 ikr=False experts=384 topk=6 h=7168 i=3072
BITEXACT rank=5 exact=True max|d|=0
/home/brayden/iket-lab/flashinfer/flashinfer/testing/utils.py:1660: UserWarning: CUPTI is not installed. Try 'pip install -U cupti-python'. Falling back to CUDA events for benchmarking.
  return bench_gpu_time_with_cupti(
/home/brayden/iket-lab/flashinfer/flashinfer/testing/utils.py:1660: UserWarning: CUPTI is not installed. Try 'pip install -U cupti-python'. Falling back to CUDA events for benchmarking.
  return bench_gpu_time_with_cupti(
/home/brayden/iket-lab/flashinfer/flashinfer/testing/utils.py:1660: UserWarning: CUPTI is not installed. Try 'pip install -U cupti-python'. Falling back to CUDA events for benchmarking.
  return bench_gpu_time_with_cupti(
/home/brayden/iket-lab/flashinfer/flashinfer/testing/utils.py:1660: UserWarning: CUPTI is not installed. Try 'pip install -U cupti-python'. Falling back to CUDA events for benchmarking.
  return bench_gpu_time_with_cupti(
/home/brayden/iket-lab/flashinfer/flashinfer/testing/utils.py:1660: UserWarning: CUPTI is not installed. Try 'pip install -U cupti-python'. Falling back to CUDA events for benchmarking.
  return bench_gpu_time_with_cupti(
/home/brayden/iket-lab/flashinfer/flashinfer/testing/utils.py:1660: UserWarning: CUPTI is not installed. Try 'pip install -U cupti-python'. Falling back to CUDA events for benchmarking.
  return bench_gpu_time_with_cupti(
/home/brayden/iket-lab/flashinfer/flashinfer/testing/utils.py:1660: UserWarning: CUPTI is not installed. Try 'pip install -U cupti-python'. Falling back to CUDA events for benchmarking.
  return bench_gpu_time_with_cupti(
/home/brayden/iket-lab/flashinfer/flashinfer/testing/utils.py:1660: UserWarning: CUPTI is not installed. Try 'pip install -U cupti-python'. Falling back to CUDA events for benchmarking.
  return bench_gpu_time_with_cupti(
BENCH rank=4 tokens=128 combine=bf16 ikr=False knobs=none median_ms=0.3533 n=30BENCH rank=7 tokens=128 combine=bf16 ikr=False knobs=none median_ms=0.3533 n=30BENCH rank=0 tokens=128 combine=bf16 ikr=False knobs=none median_ms=0.3533 n=30

BENCH rank=3 tokens=128 combine=bf16 ikr=False knobs=none median_ms=0.3533 n=30BENCH rank=5 tokens=128 combine=bf16 ikr=False knobs=none median_ms=0.3533 n=30
BENCH rank=2 tokens=128 combine=bf16 ikr=False knobs=none median_ms=0.3533 n=30BENCH rank=1 tokens=128 combine=bf16 ikr=False knobs=none median_ms=0.3533 n=30



BENCH rank=6 tokens=128 combine=bf16 ikr=False knobs=none median_ms=0.3533 n=30
[rank0]:[W813 04:17:52.274748192 ProcessGroupNCCL.cpp:1648] Warning: WARNING: destroy_process_group() was not called before program exit, which can leak resources. For more info, please see https://pytorch.org/docs/stable/distributed.html#shutdown (function operator())
m128 [load_balance_mode=static]: 0
W0813 04:17:56.314000 19147 site-packages/torch/distributed/run.py:874] 
W0813 04:17:56.314000 19147 site-packages/torch/distributed/run.py:874] *****************************************
W0813 04:17:56.314000 19147 site-packages/torch/distributed/run.py:874] Setting OMP_NUM_THREADS environment variable for each process to be 1 in default, to avoid your system being overloaded, please further tune the variable for optimal performance in your application as needed. 
W0813 04:17:56.314000 19147 site-packages/torch/distributed/run.py:874] *****************************************
KNOBS {'mma_tiler_mnk': (256, 64, 256), 'cluster_shape_mnk': (2, 1, 1), 'group_hint': 512, 'flag_batch': 4, 'epi_flag_batch': (2, 4), 'token_back_mode': 'epi_warps', 'load_balance_mode': 'atomic_counter'}
BITEXACT rank=3 exact=True max|d|=0
BITEXACT rank=2 exact=True max|d|=0
BITEXACT rank=0 exact=True max|d|=0BITEXACT rank=6 exact=True max|d|=0

MANIFEST warmup mode=bench tokens=128 combine=bf16 ikr=False experts=384 topk=6 h=7168 i=3072
BITEXACT rank=7 exact=True max|d|=0
BITEXACT rank=1 exact=True max|d|=0BITEXACT rank=5 exact=True max|d|=0

BITEXACT rank=4 exact=True max|d|=0
/home/brayden/iket-lab/flashinfer/flashinfer/testing/utils.py:1660: UserWarning: CUPTI is not installed. Try 'pip install -U cupti-python'. Falling back to CUDA events for benchmarking.
  return bench_gpu_time_with_cupti(
/home/brayden/iket-lab/flashinfer/flashinfer/testing/utils.py:1660: UserWarning: CUPTI is not installed. Try 'pip install -U cupti-python'. Falling back to CUDA events for benchmarking.
  return bench_gpu_time_with_cupti(
/home/brayden/iket-lab/flashinfer/flashinfer/testing/utils.py:1660: UserWarning: CUPTI is not installed. Try 'pip install -U cupti-python'. Falling back to CUDA events for benchmarking.
  return bench_gpu_time_with_cupti(
/home/brayden/iket-lab/flashinfer/flashinfer/testing/utils.py:1660: UserWarning: CUPTI is not installed. Try 'pip install -U cupti-python'. Falling back to CUDA events for benchmarking.
  return bench_gpu_time_with_cupti(
/home/brayden/iket-lab/flashinfer/flashinfer/testing/utils.py:1660: UserWarning: CUPTI is not installed. Try 'pip install -U cupti-python'. Falling back to CUDA events for benchmarking.
  return bench_gpu_time_with_cupti(
/home/brayden/iket-lab/flashinfer/flashinfer/testing/utils.py:1660: UserWarning: CUPTI is not installed. Try 'pip install -U cupti-python'. Falling back to CUDA events for benchmarking.
  return bench_gpu_time_with_cupti(
/home/brayden/iket-lab/flashinfer/flashinfer/testing/utils.py:1660: UserWarning: CUPTI is not installed. Try 'pip install -U cupti-python'. Falling back to CUDA events for benchmarking.
  return bench_gpu_time_with_cupti(
/home/brayden/iket-lab/flashinfer/flashinfer/testing/utils.py:1660: UserWarning: CUPTI is not installed. Try 'pip install -U cupti-python'. Falling back to CUDA events for benchmarking.
  return bench_gpu_time_with_cupti(
BENCH rank=7 tokens=128 combine=bf16 ikr=False knobs=none median_ms=0.3371 n=30BENCH rank=4 tokens=128 combine=bf16 ikr=False knobs=none median_ms=0.3371 n=30
BENCH rank=2 tokens=128 combine=bf16 ikr=False knobs=none median_ms=0.3371 n=30
BENCH rank=6 tokens=128 combine=bf16 ikr=False knobs=none median_ms=0.3371 n=30BENCH rank=3 tokens=128 combine=bf16 ikr=False knobs=none median_ms=0.3371 n=30BENCH rank=1 tokens=128 combine=bf16 ikr=False knobs=none median_ms=0.3371 n=30BENCH rank=5 tokens=128 combine=bf16 ikr=False knobs=none median_ms=0.3371 n=30




BENCH rank=0 tokens=128 combine=bf16 ikr=False knobs=none median_ms=0.3371 n=30
[rank0]:[W813 04:18:21.374783256 ProcessGroupNCCL.cpp:1648] Warning: WARNING: destroy_process_group() was not called before program exit, which can leak resources. For more info, please see https://pytorch.org/docs/stable/distributed.html#shutdown (function operator())
m128 [mma_tiler_mnk=(256,64,256)]: 0
W0813 04:18:25.503000 19492 site-packages/torch/distributed/run.py:874] 
W0813 04:18:25.503000 19492 site-packages/torch/distributed/run.py:874] *****************************************
W0813 04:18:25.503000 19492 site-packages/torch/distributed/run.py:874] Setting OMP_NUM_THREADS environment variable for each process to be 1 in default, to avoid your system being overloaded, please further tune the variable for optimal performance in your application as needed. 
W0813 04:18:25.503000 19492 site-packages/torch/distributed/run.py:874] *****************************************
KNOBS {'mma_tiler_mnk': (256, 128, 256), 'cluster_shape_mnk': (2, 1, 1), 'group_hint': 512, 'flag_batch': 4, 'epi_flag_batch': (1, 2), 'token_back_mode': 'epi_warps', 'load_balance_mode': 'atomic_counter'}
BITEXACT rank=6 exact=True max|d|=0
BITEXACT rank=3 exact=True max|d|=0
BITEXACT rank=5 exact=True max|d|=0
BITEXACT rank=0 exact=True max|d|=0
MANIFEST warmup mode=bench tokens=128 combine=bf16 ikr=False experts=384 topk=6 h=7168 i=3072
BITEXACT rank=1 exact=True max|d|=0
BITEXACT rank=7 exact=True max|d|=0
BITEXACT rank=2 exact=True max|d|=0
BITEXACT rank=4 exact=True max|d|=0
/home/brayden/iket-lab/flashinfer/flashinfer/testing/utils.py:1660: UserWarning: CUPTI is not installed. Try 'pip install -U cupti-python'. Falling back to CUDA events for benchmarking.
  return bench_gpu_time_with_cupti(
/home/brayden/iket-lab/flashinfer/flashinfer/testing/utils.py:1660: UserWarning: CUPTI is not installed. Try 'pip install -U cupti-python'. Falling back to CUDA events for benchmarking.
  return bench_gpu_time_with_cupti(
/home/brayden/iket-lab/flashinfer/flashinfer/testing/utils.py:1660: UserWarning: CUPTI is not installed. Try 'pip install -U cupti-python'. Falling back to CUDA events for benchmarking.
  return bench_gpu_time_with_cupti(
/home/brayden/iket-lab/flashinfer/flashinfer/testing/utils.py:1660: UserWarning: CUPTI is not installed. Try 'pip install -U cupti-python'. Falling back to CUDA events for benchmarking.
  return bench_gpu_time_with_cupti(
/home/brayden/iket-lab/flashinfer/flashinfer/testing/utils.py:1660: UserWarning: CUPTI is not installed. Try 'pip install -U cupti-python'. Falling back to CUDA events for benchmarking.
  return bench_gpu_time_with_cupti(
/home/brayden/iket-lab/flashinfer/flashinfer/testing/utils.py:1660: UserWarning: CUPTI is not installed. Try 'pip install -U cupti-python'. Falling back to CUDA events for benchmarking.
  return bench_gpu_time_with_cupti(
/home/brayden/iket-lab/flashinfer/flashinfer/testing/utils.py:1660: UserWarning: CUPTI is not installed. Try 'pip install -U cupti-python'. Falling back to CUDA events for benchmarking.
  return bench_gpu_time_with_cupti(
/home/brayden/iket-lab/flashinfer/flashinfer/testing/utils.py:1660: UserWarning: CUPTI is not installed. Try 'pip install -U cupti-python'. Falling back to CUDA events for benchmarking.
  return bench_gpu_time_with_cupti(
BENCH rank=0 tokens=128 combine=bf16 ikr=False knobs=none median_ms=0.3430 n=30BENCH rank=4 tokens=128 combine=bf16 ikr=False knobs=none median_ms=0.3430 n=30

BENCH rank=5 tokens=128 combine=bf16 ikr=False knobs=none median_ms=0.3430 n=30
BENCH rank=6 tokens=128 combine=bf16 ikr=False knobs=none median_ms=0.3430 n=30BENCH rank=2 tokens=128 combine=bf16 ikr=False knobs=none median_ms=0.3430 n=30BENCH rank=3 tokens=128 combine=bf16 ikr=False knobs=none median_ms=0.3430 n=30


BENCH rank=7 tokens=128 combine=bf16 ikr=False knobs=none median_ms=0.3430 n=30
BENCH rank=1 tokens=128 combine=bf16 ikr=False knobs=none median_ms=0.3430 n=30
[rank0]:[W813 04:18:51.689785969 ProcessGroupNCCL.cpp:1648] Warning: WARNING: destroy_process_group() was not called before program exit, which can leak resources. For more info, please see https://pytorch.org/docs/stable/distributed.html#shutdown (function operator())
m128 [epi_flag_batch=(1,2)]: 0
W0813 04:18:54.640000 19830 site-packages/torch/distributed/run.py:874] 
W0813 04:18:54.640000 19830 site-packages/torch/distributed/run.py:874] *****************************************
W0813 04:18:54.640000 19830 site-packages/torch/distributed/run.py:874] Setting OMP_NUM_THREADS environment variable for each process to be 1 in default, to avoid your system being overloaded, please further tune the variable for optimal performance in your application as needed. 
W0813 04:18:54.640000 19830 site-packages/torch/distributed/run.py:874] *****************************************
KNOBS {'mma_tiler_mnk': (256, 128, 256), 'cluster_shape_mnk': (2, 1, 1), 'group_hint': 512, 'flag_batch': 4, 'epi_flag_batch': (4, 4), 'token_back_mode': 'epi_warps', 'load_balance_mode': 'atomic_counter'}
BITEXACT rank=7 exact=True max|d|=0
BITEXACT rank=6 exact=True max|d|=0
BITEXACT rank=4 exact=True max|d|=0BITEXACT rank=3 exact=True max|d|=0BITEXACT rank=5 exact=True max|d|=0

BITEXACT rank=1 exact=True max|d|=0
BITEXACT rank=2 exact=True max|d|=0

BITEXACT rank=0 exact=True max|d|=0
MANIFEST warmup mode=bench tokens=128 combine=bf16 ikr=False experts=384 topk=6 h=7168 i=3072
/home/brayden/iket-lab/flashinfer/flashinfer/testing/utils.py:1660: UserWarning: CUPTI is not installed. Try 'pip install -U cupti-python'. Falling back to CUDA events for benchmarking.
  return bench_gpu_time_with_cupti(
/home/brayden/iket-lab/flashinfer/flashinfer/testing/utils.py:1660: UserWarning: CUPTI is not installed. Try 'pip install -U cupti-python'. Falling back to CUDA events for benchmarking.
  return bench_gpu_time_with_cupti(
/home/brayden/iket-lab/flashinfer/flashinfer/testing/utils.py:1660: UserWarning: CUPTI is not installed. Try 'pip install -U cupti-python'. Falling back to CUDA events for benchmarking.
  return bench_gpu_time_with_cupti(
/home/brayden/iket-lab/flashinfer/flashinfer/testing/utils.py:1660: UserWarning: CUPTI is not installed. Try 'pip install -U cupti-python'. Falling back to CUDA events for benchmarking.
  return bench_gpu_time_with_cupti(
/home/brayden/iket-lab/flashinfer/flashinfer/testing/utils.py:1660: UserWarning: CUPTI is not installed. Try 'pip install -U cupti-python'. Falling back to CUDA events for benchmarking.
  return bench_gpu_time_with_cupti(
/home/brayden/iket-lab/flashinfer/flashinfer/testing/utils.py:1660: UserWarning: CUPTI is not installed. Try 'pip install -U cupti-python'. Falling back to CUDA events for benchmarking.
  return bench_gpu_time_with_cupti(
/home/brayden/iket-lab/flashinfer/flashinfer/testing/utils.py:1660: UserWarning: CUPTI is not installed. Try 'pip install -U cupti-python'. Falling back to CUDA events for benchmarking.
  return bench_gpu_time_with_cupti(
/home/brayden/iket-lab/flashinfer/flashinfer/testing/utils.py:1660: UserWarning: CUPTI is not installed. Try 'pip install -U cupti-python'. Falling back to CUDA events for benchmarking.
  return bench_gpu_time_with_cupti(
BENCH rank=6 tokens=128 combine=bf16 ikr=False knobs=none median_ms=0.3440 n=30BENCH rank=5 tokens=128 combine=bf16 ikr=False knobs=none median_ms=0.3440 n=30BENCH rank=3 tokens=128 combine=bf16 ikr=False knobs=none median_ms=0.3440 n=30BENCH rank=1 tokens=128 combine=bf16 ikr=False knobs=none median_ms=0.3440 n=30BENCH rank=4 tokens=128 combine=bf16 ikr=False knobs=none median_ms=0.3440 n=30
BENCH rank=7 tokens=128 combine=bf16 ikr=False knobs=none median_ms=0.3440 n=30BENCH rank=0 tokens=128 combine=bf16 ikr=False knobs=none median_ms=0.3440 n=30





BENCH rank=2 tokens=128 combine=bf16 ikr=False knobs=none median_ms=0.3440 n=30
[rank0]:[W813 04:19:20.995341402 ProcessGroupNCCL.cpp:1648] Warning: WARNING: destroy_process_group() was not called before program exit, which can leak resources. For more info, please see https://pytorch.org/docs/stable/distributed.html#shutdown (function operator())
m128 [epi_flag_batch=(4,4)]: 0
W0813 04:19:23.882000 20175 site-packages/torch/distributed/run.py:874] 
W0813 04:19:23.882000 20175 site-packages/torch/distributed/run.py:874] *****************************************
W0813 04:19:23.882000 20175 site-packages/torch/distributed/run.py:874] Setting OMP_NUM_THREADS environment variable for each process to be 1 in default, to avoid your system being overloaded, please further tune the variable for optimal performance in your application as needed. 
W0813 04:19:23.882000 20175 site-packages/torch/distributed/run.py:874] *****************************************
KNOBS {'mma_tiler_mnk': (256, 128, 256), 'cluster_shape_mnk': (2, 1, 1), 'group_hint': 512, 'flag_batch': 2, 'epi_flag_batch': (2, 4), 'token_back_mode': 'epi_warps', 'load_balance_mode': 'atomic_counter'}
BITEXACT rank=2 exact=True max|d|=0
BITEXACT rank=1 exact=True max|d|=0
BITEXACT rank=7 exact=True max|d|=0
BITEXACT rank=4 exact=True max|d|=0
BITEXACT rank=6 exact=True max|d|=0
BITEXACT rank=3 exact=True max|d|=0
BITEXACT rank=5 exact=True max|d|=0BITEXACT rank=0 exact=True max|d|=0

MANIFEST warmup mode=bench tokens=128 combine=bf16 ikr=False experts=384 topk=6 h=7168 i=3072
/home/brayden/iket-lab/flashinfer/flashinfer/testing/utils.py:1660: UserWarning: CUPTI is not installed. Try 'pip install -U cupti-python'. Falling back to CUDA events for benchmarking.
  return bench_gpu_time_with_cupti(
/home/brayden/iket-lab/flashinfer/flashinfer/testing/utils.py:1660: UserWarning: CUPTI is not installed. Try 'pip install -U cupti-python'. Falling back to CUDA events for benchmarking.
  return bench_gpu_time_with_cupti(
/home/brayden/iket-lab/flashinfer/flashinfer/testing/utils.py:1660: UserWarning: CUPTI is not installed. Try 'pip install -U cupti-python'. Falling back to CUDA events for benchmarking.
  return bench_gpu_time_with_cupti(
/home/brayden/iket-lab/flashinfer/flashinfer/testing/utils.py:1660: UserWarning: CUPTI is not installed. Try 'pip install -U cupti-python'. Falling back to CUDA events for benchmarking.
  return bench_gpu_time_with_cupti(
/home/brayden/iket-lab/flashinfer/flashinfer/testing/utils.py:1660: UserWarning: CUPTI is not installed. Try 'pip install -U cupti-python'. Falling back to CUDA events for benchmarking.
  return bench_gpu_time_with_cupti(
/home/brayden/iket-lab/flashinfer/flashinfer/testing/utils.py:1660: UserWarning: CUPTI is not installed. Try 'pip install -U cupti-python'. Falling back to CUDA events for benchmarking.
  return bench_gpu_time_with_cupti(
/home/brayden/iket-lab/flashinfer/flashinfer/testing/utils.py:1660: UserWarning: CUPTI is not installed. Try 'pip install -U cupti-python'. Falling back to CUDA events for benchmarking.
  return bench_gpu_time_with_cupti(
/home/brayden/iket-lab/flashinfer/flashinfer/testing/utils.py:1660: UserWarning: CUPTI is not installed. Try 'pip install -U cupti-python'. Falling back to CUDA events for benchmarking.
  return bench_gpu_time_with_cupti(
BENCH rank=6 tokens=128 combine=bf16 ikr=False knobs=none median_ms=0.3431 n=30BENCH rank=4 tokens=128 combine=bf16 ikr=False knobs=none median_ms=0.3431 n=30BENCH rank=3 tokens=128 combine=bf16 ikr=False knobs=none median_ms=0.3431 n=30BENCH rank=7 tokens=128 combine=bf16 ikr=False knobs=none median_ms=0.3431 n=30BENCH rank=5 tokens=128 combine=bf16 ikr=False knobs=none median_ms=0.3431 n=30
BENCH rank=0 tokens=128 combine=bf16 ikr=False knobs=none median_ms=0.3431 n=30
BENCH rank=1 tokens=128 combine=bf16 ikr=False knobs=none median_ms=0.3431 n=30

BENCH rank=2 tokens=128 combine=bf16 ikr=False knobs=none median_ms=0.3431 n=30



[rank0]:[W813 04:19:49.693550329 ProcessGroupNCCL.cpp:1648] Warning: WARNING: destroy_process_group() was not called before program exit, which can leak resources. For more info, please see https://pytorch.org/docs/stable/distributed.html#shutdown (function operator())
m128 [flag_batch=2]: 0
W0813 04:19:52.582000 20513 site-packages/torch/distributed/run.py:874] 
W0813 04:19:52.582000 20513 site-packages/torch/distributed/run.py:874] *****************************************
W0813 04:19:52.582000 20513 site-packages/torch/distributed/run.py:874] Setting OMP_NUM_THREADS environment variable for each process to be 1 in default, to avoid your system being overloaded, please further tune the variable for optimal performance in your application as needed. 
W0813 04:19:52.582000 20513 site-packages/torch/distributed/run.py:874] *****************************************
KNOBS {'mma_tiler_mnk': (256, 128, 256), 'cluster_shape_mnk': (2, 1, 1), 'group_hint': 256, 'flag_batch': 4, 'epi_flag_batch': (2, 4), 'token_back_mode': 'epi_warps', 'load_balance_mode': 'atomic_counter'}
BITEXACT rank=3 exact=True max|d|=0
BITEXACT rank=0 exact=True max|d|=0
MANIFEST warmup mode=bench tokens=128 combine=bf16 ikr=False experts=384 topk=6 h=7168 i=3072
BITEXACT rank=7 exact=True max|d|=0
BITEXACT rank=2 exact=True max|d|=0
BITEXACT rank=1 exact=True max|d|=0BITEXACT rank=5 exact=True max|d|=0

BITEXACT rank=6 exact=True max|d|=0
BITEXACT rank=4 exact=True max|d|=0
/home/brayden/iket-lab/flashinfer/flashinfer/testing/utils.py:1660: UserWarning: CUPTI is not installed. Try 'pip install -U cupti-python'. Falling back to CUDA events for benchmarking.
  return bench_gpu_time_with_cupti(
/home/brayden/iket-lab/flashinfer/flashinfer/testing/utils.py:1660: UserWarning: CUPTI is not installed. Try 'pip install -U cupti-python'. Falling back to CUDA events for benchmarking.
  return bench_gpu_time_with_cupti(
/home/brayden/iket-lab/flashinfer/flashinfer/testing/utils.py:1660: UserWarning: CUPTI is not installed. Try 'pip install -U cupti-python'. Falling back to CUDA events for benchmarking.
  return bench_gpu_time_with_cupti(
/home/brayden/iket-lab/flashinfer/flashinfer/testing/utils.py:1660: UserWarning: CUPTI is not installed. Try 'pip install -U cupti-python'. Falling back to CUDA events for benchmarking.
  return bench_gpu_time_with_cupti(
/home/brayden/iket-lab/flashinfer/flashinfer/testing/utils.py:1660: UserWarning: CUPTI is not installed. Try 'pip install -U cupti-python'. Falling back to CUDA events for benchmarking.
  return bench_gpu_time_with_cupti(
/home/brayden/iket-lab/flashinfer/flashinfer/testing/utils.py:1660: UserWarning: CUPTI is not installed. Try 'pip install -U cupti-python'. Falling back to CUDA events for benchmarking.
  return bench_gpu_time_with_cupti(
/home/brayden/iket-lab/flashinfer/flashinfer/testing/utils.py:1660: UserWarning: CUPTI is not installed. Try 'pip install -U cupti-python'. Falling back to CUDA events for benchmarking.
  return bench_gpu_time_with_cupti(
/home/brayden/iket-lab/flashinfer/flashinfer/testing/utils.py:1660: UserWarning: CUPTI is not installed. Try 'pip install -U cupti-python'. Falling back to CUDA events for benchmarking.
  return bench_gpu_time_with_cupti(
BENCH rank=5 tokens=128 combine=bf16 ikr=False knobs=none median_ms=0.3492 n=30
BENCH rank=4 tokens=128 combine=bf16 ikr=False knobs=none median_ms=0.3492 n=30
BENCH rank=6 tokens=128 combine=bf16 ikr=False knobs=none median_ms=0.3492 n=30BENCH rank=2 tokens=128 combine=bf16 ikr=False knobs=none median_ms=0.3492 n=30BENCH rank=7 tokens=128 combine=bf16 ikr=False knobs=none median_ms=0.3492 n=30BENCH rank=3 tokens=128 combine=bf16 ikr=False knobs=none median_ms=0.3492 n=30

BENCH rank=0 tokens=128 combine=bf16 ikr=False knobs=none median_ms=0.3492 n=30


BENCH rank=1 tokens=128 combine=bf16 ikr=False knobs=none median_ms=0.3492 n=30
[rank0]:[W813 04:20:17.096996091 ProcessGroupNCCL.cpp:1648] Warning: WARNING: destroy_process_group() was not called before program exit, which can leak resources. For more info, please see https://pytorch.org/docs/stable/distributed.html#shutdown (function operator())
m128 [group_hint=256]: 0
W0813 04:20:20.881000 20851 site-packages/torch/distributed/run.py:874] 
W0813 04:20:20.881000 20851 site-packages/torch/distributed/run.py:874] *****************************************
W0813 04:20:20.881000 20851 site-packages/torch/distributed/run.py:874] Setting OMP_NUM_THREADS environment variable for each process to be 1 in default, to avoid your system being overloaded, please further tune the variable for optimal performance in your application as needed. 
W0813 04:20:20.881000 20851 site-packages/torch/distributed/run.py:874] *****************************************
KNOBS {'mma_tiler_mnk': (256, 128, 256), 'cluster_shape_mnk': (2, 1, 1), 'group_hint': 128, 'flag_batch': 4, 'epi_flag_batch': (2, 4), 'token_back_mode': 'epi_warps', 'load_balance_mode': 'atomic_counter'}
BITEXACT rank=2 exact=True max|d|=0
BITEXACT rank=4 exact=True max|d|=0
BITEXACT rank=1 exact=True max|d|=0
BITEXACT rank=3 exact=True max|d|=0BITEXACT rank=6 exact=True max|d|=0

BITEXACT rank=0 exact=True max|d|=0
MANIFEST warmup mode=bench tokens=128 combine=bf16 ikr=False experts=384 topk=6 h=7168 i=3072
BITEXACT rank=7 exact=True max|d|=0
BITEXACT rank=5 exact=True max|d|=0
/home/brayden/iket-lab/flashinfer/flashinfer/testing/utils.py:1660: UserWarning: CUPTI is not installed. Try 'pip install -U cupti-python'. Falling back to CUDA events for benchmarking.
  return bench_gpu_time_with_cupti(
/home/brayden/iket-lab/flashinfer/flashinfer/testing/utils.py:1660: UserWarning: CUPTI is not installed. Try 'pip install -U cupti-python'. Falling back to CUDA events for benchmarking.
  return bench_gpu_time_with_cupti(
/home/brayden/iket-lab/flashinfer/flashinfer/testing/utils.py:1660: UserWarning: CUPTI is not installed. Try 'pip install -U cupti-python'. Falling back to CUDA events for benchmarking.
  return bench_gpu_time_with_cupti(
/home/brayden/iket-lab/flashinfer/flashinfer/testing/utils.py:1660: UserWarning: CUPTI is not installed. Try 'pip install -U cupti-python'. Falling back to CUDA events for benchmarking.
  return bench_gpu_time_with_cupti(
/home/brayden/iket-lab/flashinfer/flashinfer/testing/utils.py:1660: UserWarning: CUPTI is not installed. Try 'pip install -U cupti-python'. Falling back to CUDA events for benchmarking.
  return bench_gpu_time_with_cupti(
/home/brayden/iket-lab/flashinfer/flashinfer/testing/utils.py:1660: UserWarning: CUPTI is not installed. Try 'pip install -U cupti-python'. Falling back to CUDA events for benchmarking.
  return bench_gpu_time_with_cupti(
/home/brayden/iket-lab/flashinfer/flashinfer/testing/utils.py:1660: UserWarning: CUPTI is not installed. Try 'pip install -U cupti-python'. Falling back to CUDA events for benchmarking.
  return bench_gpu_time_with_cupti(
/home/brayden/iket-lab/flashinfer/flashinfer/testing/utils.py:1660: UserWarning: CUPTI is not installed. Try 'pip install -U cupti-python'. Falling back to CUDA events for benchmarking.
  return bench_gpu_time_with_cupti(
BENCH rank=2 tokens=128 combine=bf16 ikr=False knobs=none median_ms=0.3616 n=30BENCH rank=3 tokens=128 combine=bf16 ikr=False knobs=none median_ms=0.3616 n=30BENCH rank=6 tokens=128 combine=bf16 ikr=False knobs=none median_ms=0.3616 n=30
BENCH rank=0 tokens=128 combine=bf16 ikr=False knobs=none median_ms=0.3616 n=30

BENCH rank=4 tokens=128 combine=bf16 ikr=False knobs=none median_ms=0.3616 n=30

BENCH rank=7 tokens=128 combine=bf16 ikr=False knobs=none median_ms=0.3616 n=30
BENCH rank=5 tokens=128 combine=bf16 ikr=False knobs=none median_ms=0.3616 n=30BENCH rank=1 tokens=128 combine=bf16 ikr=False knobs=none median_ms=0.3616 n=30

[rank0]:[W813 04:20:47.463432953 ProcessGroupNCCL.cpp:1648] Warning: WARNING: destroy_process_group() was not called before program exit, which can leak resources. For more info, please see https://pytorch.org/docs/stable/distributed.html#shutdown (function operator())
m128 [group_hint=128]: 0
W0813 04:20:50.289000 21196 site-packages/torch/distributed/run.py:874] 
W0813 04:20:50.289000 21196 site-packages/torch/distributed/run.py:874] *****************************************
W0813 04:20:50.289000 21196 site-packages/torch/distributed/run.py:874] Setting OMP_NUM_THREADS environment variable for each process to be 1 in default, to avoid your system being overloaded, please further tune the variable for optimal performance in your application as needed. 
W0813 04:20:50.289000 21196 site-packages/torch/distributed/run.py:874] *****************************************
YREF saved to out/yref/m4096.rank*.pt
MANIFEST warmup mode=bench tokens=4096 combine=bf16 ikr=False experts=384 topk=6 h=7168 i=3072
/home/brayden/iket-lab/flashinfer/flashinfer/testing/utils.py:1660: UserWarning: CUPTI is not installed. Try 'pip install -U cupti-python'. Falling back to CUDA events for benchmarking.
  return bench_gpu_time_with_cupti(
/home/brayden/iket-lab/flashinfer/flashinfer/testing/utils.py:1660: UserWarning: CUPTI is not installed. Try 'pip install -U cupti-python'. Falling back to CUDA events for benchmarking.
  return bench_gpu_time_with_cupti(
/home/brayden/iket-lab/flashinfer/flashinfer/testing/utils.py:1660: UserWarning: CUPTI is not installed. Try 'pip install -U cupti-python'. Falling back to CUDA events for benchmarking.
  return bench_gpu_time_with_cupti(
/home/brayden/iket-lab/flashinfer/flashinfer/testing/utils.py:1660: UserWarning: CUPTI is not installed. Try 'pip install -U cupti-python'. Falling back to CUDA events for benchmarking.
  return bench_gpu_time_with_cupti(
/home/brayden/iket-lab/flashinfer/flashinfer/testing/utils.py:1660: UserWarning: CUPTI is not installed. Try 'pip install -U cupti-python'. Falling back to CUDA events for benchmarking.
  return bench_gpu_time_with_cupti(
/home/brayden/iket-lab/flashinfer/flashinfer/testing/utils.py:1660: UserWarning: CUPTI is not installed. Try 'pip install -U cupti-python'. Falling back to CUDA events for benchmarking.
  return bench_gpu_time_with_cupti(
/home/brayden/iket-lab/flashinfer/flashinfer/testing/utils.py:1660: UserWarning: CUPTI is not installed. Try 'pip install -U cupti-python'. Falling back to CUDA events for benchmarking.
  return bench_gpu_time_with_cupti(
/home/brayden/iket-lab/flashinfer/flashinfer/testing/utils.py:1660: UserWarning: CUPTI is not installed. Try 'pip install -U cupti-python'. Falling back to CUDA events for benchmarking.
  return bench_gpu_time_with_cupti(
BENCH rank=7 tokens=4096 combine=bf16 ikr=False knobs=none median_ms=0.9371 n=30BENCH rank=4 tokens=4096 combine=bf16 ikr=False knobs=none median_ms=0.9371 n=30BENCH rank=1 tokens=4096 combine=bf16 ikr=False knobs=none median_ms=0.9371 n=30BENCH rank=3 tokens=4096 combine=bf16 ikr=False knobs=none median_ms=0.9371 n=30
BENCH rank=2 tokens=4096 combine=bf16 ikr=False knobs=none median_ms=0.9371 n=30
BENCH rank=6 tokens=4096 combine=bf16 ikr=False knobs=none median_ms=0.9371 n=30



BENCH rank=5 tokens=4096 combine=bf16 ikr=False knobs=none median_ms=0.9371 n=30
BENCH rank=0 tokens=4096 combine=bf16 ikr=False knobs=none median_ms=0.9371 n=30
[rank0]:[W813 04:21:17.507801461 ProcessGroupNCCL.cpp:1648] Warning: WARNING: destroy_process_group() was not called before program exit, which can leak resources. For more info, please see https://pytorch.org/docs/stable/distributed.html#shutdown (function operator())
m4096-base: 0
W0813 04:21:20.594000 21534 site-packages/torch/distributed/run.py:874] 
W0813 04:21:20.594000 21534 site-packages/torch/distributed/run.py:874] *****************************************
W0813 04:21:20.594000 21534 site-packages/torch/distributed/run.py:874] Setting OMP_NUM_THREADS environment variable for each process to be 1 in default, to avoid your system being overloaded, please further tune the variable for optimal performance in your application as needed. 
W0813 04:21:20.594000 21534 site-packages/torch/distributed/run.py:874] *****************************************
KNOBS {'mma_tiler_mnk': (256, 256, 256), 'cluster_shape_mnk': (2, 1, 1), 'group_hint': 512, 'flag_batch': 16, 'epi_flag_batch': (2, 4), 'token_back_mode': 'reuse_dispatch_warps', 'load_balance_mode': 'atomic_counter'}
BITEXACT rank=4 exact=True max|d|=0
BITEXACT rank=1 exact=True max|d|=0
BITEXACT rank=5 exact=True max|d|=0
BITEXACT rank=2 exact=True max|d|=0BITEXACT rank=0 exact=True max|d|=0

MANIFEST warmup mode=bench tokens=4096 combine=bf16 ikr=False experts=384 topk=6 h=7168 i=3072
BITEXACT rank=7 exact=True max|d|=0BITEXACT rank=3 exact=True max|d|=0

BITEXACT rank=6 exact=True max|d|=0
/home/brayden/iket-lab/flashinfer/flashinfer/testing/utils.py:1660: UserWarning: CUPTI is not installed. Try 'pip install -U cupti-python'. Falling back to CUDA events for benchmarking.
  return bench_gpu_time_with_cupti(
/home/brayden/iket-lab/flashinfer/flashinfer/testing/utils.py:1660: UserWarning: CUPTI is not installed. Try 'pip install -U cupti-python'. Falling back to CUDA events for benchmarking.
  return bench_gpu_time_with_cupti(
/home/brayden/iket-lab/flashinfer/flashinfer/testing/utils.py:1660: UserWarning: CUPTI is not installed. Try 'pip install -U cupti-python'. Falling back to CUDA events for benchmarking.
  return bench_gpu_time_with_cupti(
/home/brayden/iket-lab/flashinfer/flashinfer/testing/utils.py:1660: UserWarning: CUPTI is not installed. Try 'pip install -U cupti-python'. Falling back to CUDA events for benchmarking.
  return bench_gpu_time_with_cupti(
/home/brayden/iket-lab/flashinfer/flashinfer/testing/utils.py:1660: UserWarning: CUPTI is not installed. Try 'pip install -U cupti-python'. Falling back to CUDA events for benchmarking.
  return bench_gpu_time_with_cupti(
/home/brayden/iket-lab/flashinfer/flashinfer/testing/utils.py:1660: UserWarning: CUPTI is not installed. Try 'pip install -U cupti-python'. Falling back to CUDA events for benchmarking.
  return bench_gpu_time_with_cupti(
/home/brayden/iket-lab/flashinfer/flashinfer/testing/utils.py:1660: UserWarning: CUPTI is not installed. Try 'pip install -U cupti-python'. Falling back to CUDA events for benchmarking.
  return bench_gpu_time_with_cupti(
/home/brayden/iket-lab/flashinfer/flashinfer/testing/utils.py:1660: UserWarning: CUPTI is not installed. Try 'pip install -U cupti-python'. Falling back to CUDA events for benchmarking.
  return bench_gpu_time_with_cupti(
BENCH rank=4 tokens=4096 combine=bf16 ikr=False knobs=none median_ms=0.9605 n=30BENCH rank=7 tokens=4096 combine=bf16 ikr=False knobs=none median_ms=0.9605 n=30BENCH rank=3 tokens=4096 combine=bf16 ikr=False knobs=none median_ms=0.9605 n=30


BENCH rank=5 tokens=4096 combine=bf16 ikr=False knobs=none median_ms=0.9605 n=30BENCH rank=2 tokens=4096 combine=bf16 ikr=False knobs=none median_ms=0.9605 n=30BENCH rank=0 tokens=4096 combine=bf16 ikr=False knobs=none median_ms=0.9605 n=30


BENCH rank=1 tokens=4096 combine=bf16 ikr=False knobs=none median_ms=0.9605 n=30
BENCH rank=6 tokens=4096 combine=bf16 ikr=False knobs=none median_ms=0.9605 n=30
[rank0]:[W813 04:21:46.423627967 ProcessGroupNCCL.cpp:1648] Warning: WARNING: destroy_process_group() was not called before program exit, which can leak resources. For more info, please see https://pytorch.org/docs/stable/distributed.html#shutdown (function operator())
m4096 [flag_batch=16]: 0
W0813 04:21:50.331000 21879 site-packages/torch/distributed/run.py:874] 
W0813 04:21:50.331000 21879 site-packages/torch/distributed/run.py:874] *****************************************
W0813 04:21:50.331000 21879 site-packages/torch/distributed/run.py:874] Setting OMP_NUM_THREADS environment variable for each process to be 1 in default, to avoid your system being overloaded, please further tune the variable for optimal performance in your application as needed. 
W0813 04:21:50.331000 21879 site-packages/torch/distributed/run.py:874] *****************************************
KNOBS {'mma_tiler_mnk': (256, 256, 256), 'cluster_shape_mnk': (2, 1, 1), 'group_hint': 512, 'flag_batch': 8, 'epi_flag_batch': (2, 4), 'token_back_mode': 'standalone_warps', 'load_balance_mode': 'atomic_counter'}
BITEXACT rank=2 exact=True max|d|=0
BITEXACT rank=1 exact=True max|d|=0BITEXACT rank=7 exact=True max|d|=0

BITEXACT rank=4 exact=True max|d|=0
BITEXACT rank=5 exact=True max|d|=0
BITEXACT rank=3 exact=True max|d|=0
BITEXACT rank=0 exact=True max|d|=0
MANIFEST warmup mode=bench tokens=4096 combine=bf16 ikr=False experts=384 topk=6 h=7168 i=3072
BITEXACT rank=6 exact=True max|d|=0
/home/brayden/iket-lab/flashinfer/flashinfer/testing/utils.py:1660: UserWarning: CUPTI is not installed. Try 'pip install -U cupti-python'. Falling back to CUDA events for benchmarking.
  return bench_gpu_time_with_cupti(
/home/brayden/iket-lab/flashinfer/flashinfer/testing/utils.py:1660: UserWarning: CUPTI is not installed. Try 'pip install -U cupti-python'. Falling back to CUDA events for benchmarking.
  return bench_gpu_time_with_cupti(
/home/brayden/iket-lab/flashinfer/flashinfer/testing/utils.py:1660: UserWarning: CUPTI is not installed. Try 'pip install -U cupti-python'. Falling back to CUDA events for benchmarking.
  return bench_gpu_time_with_cupti(
/home/brayden/iket-lab/flashinfer/flashinfer/testing/utils.py:1660: UserWarning: CUPTI is not installed. Try 'pip install -U cupti-python'. Falling back to CUDA events for benchmarking.
  return bench_gpu_time_with_cupti(
/home/brayden/iket-lab/flashinfer/flashinfer/testing/utils.py:1660: UserWarning: CUPTI is not installed. Try 'pip install -U cupti-python'. Falling back to CUDA events for benchmarking.
  return bench_gpu_time_with_cupti(
/home/brayden/iket-lab/flashinfer/flashinfer/testing/utils.py:1660: UserWarning: CUPTI is not installed. Try 'pip install -U cupti-python'. Falling back to CUDA events for benchmarking.
  return bench_gpu_time_with_cupti(
/home/brayden/iket-lab/flashinfer/flashinfer/testing/utils.py:1660: UserWarning: CUPTI is not installed. Try 'pip install -U cupti-python'. Falling back to CUDA events for benchmarking.
  return bench_gpu_time_with_cupti(
/home/brayden/iket-lab/flashinfer/flashinfer/testing/utils.py:1660: UserWarning: CUPTI is not installed. Try 'pip install -U cupti-python'. Falling back to CUDA events for benchmarking.
  return bench_gpu_time_with_cupti(
BENCH rank=4 tokens=4096 combine=bf16 ikr=False knobs=none median_ms=0.9298 n=30BENCH rank=7 tokens=4096 combine=bf16 ikr=False knobs=none median_ms=0.9298 n=30BENCH rank=6 tokens=4096 combine=bf16 ikr=False knobs=none median_ms=0.9298 n=30BENCH rank=5 tokens=4096 combine=bf16 ikr=False knobs=none median_ms=0.9298 n=30BENCH rank=0 tokens=4096 combine=bf16 ikr=False knobs=none median_ms=0.9298 n=30BENCH rank=1 tokens=4096 combine=bf16 ikr=False knobs=none median_ms=0.9298 n=30BENCH rank=3 tokens=4096 combine=bf16 ikr=False knobs=none median_ms=0.9298 n=30





BENCH rank=2 tokens=4096 combine=bf16 ikr=False knobs=none median_ms=0.9298 n=30

[rank0]:[W813 04:22:16.722191188 ProcessGroupNCCL.cpp:1648] Warning: WARNING: destroy_process_group() was not called before program exit, which can leak resources. For more info, please see https://pytorch.org/docs/stable/distributed.html#shutdown (function operator())
m4096 [token_back_mode=standalone_warps]: 0
W0813 04:22:19.955000 22217 site-packages/torch/distributed/run.py:874] 
W0813 04:22:19.955000 22217 site-packages/torch/distributed/run.py:874] *****************************************
W0813 04:22:19.955000 22217 site-packages/torch/distributed/run.py:874] Setting OMP_NUM_THREADS environment variable for each process to be 1 in default, to avoid your system being overloaded, please further tune the variable for optimal performance in your application as needed. 
W0813 04:22:19.955000 22217 site-packages/torch/distributed/run.py:874] *****************************************
KNOBS {'mma_tiler_mnk': (256, 256, 256), 'cluster_shape_mnk': (2, 1, 1), 'group_hint': 512, 'flag_batch': 8, 'epi_flag_batch': (4, 4), 'token_back_mode': 'reuse_dispatch_warps', 'load_balance_mode': 'atomic_counter'}
BITEXACT rank=7 exact=True max|d|=0
BITEXACT rank=2 exact=True max|d|=0
BITEXACT rank=4 exact=True max|d|=0
BITEXACT rank=3 exact=True max|d|=0
BITEXACT rank=1 exact=True max|d|=0
BITEXACT rank=5 exact=True max|d|=0
BITEXACT rank=0 exact=True max|d|=0BITEXACT rank=6 exact=True max|d|=0

MANIFEST warmup mode=bench tokens=4096 combine=bf16 ikr=False experts=384 topk=6 h=7168 i=3072
/home/brayden/iket-lab/flashinfer/flashinfer/testing/utils.py:1660: UserWarning: CUPTI is not installed. Try 'pip install -U cupti-python'. Falling back to CUDA events for benchmarking.
  return bench_gpu_time_with_cupti(
/home/brayden/iket-lab/flashinfer/flashinfer/testing/utils.py:1660: UserWarning: CUPTI is not installed. Try 'pip install -U cupti-python'. Falling back to CUDA events for benchmarking.
  return bench_gpu_time_with_cupti(
/home/brayden/iket-lab/flashinfer/flashinfer/testing/utils.py:1660: UserWarning: CUPTI is not installed. Try 'pip install -U cupti-python'. Falling back to CUDA events for benchmarking.
  return bench_gpu_time_with_cupti(
/home/brayden/iket-lab/flashinfer/flashinfer/testing/utils.py:1660: UserWarning: CUPTI is not installed. Try 'pip install -U cupti-python'. Falling back to CUDA events for benchmarking.
  return bench_gpu_time_with_cupti(
/home/brayden/iket-lab/flashinfer/flashinfer/testing/utils.py:1660: UserWarning: CUPTI is not installed. Try 'pip install -U cupti-python'. Falling back to CUDA events for benchmarking.
  return bench_gpu_time_with_cupti(
/home/brayden/iket-lab/flashinfer/flashinfer/testing/utils.py:1660: UserWarning: CUPTI is not installed. Try 'pip install -U cupti-python'. Falling back to CUDA events for benchmarking.
  return bench_gpu_time_with_cupti(
/home/brayden/iket-lab/flashinfer/flashinfer/testing/utils.py:1660: UserWarning: CUPTI is not installed. Try 'pip install -U cupti-python'. Falling back to CUDA events for benchmarking.
  return bench_gpu_time_with_cupti(
/home/brayden/iket-lab/flashinfer/flashinfer/testing/utils.py:1660: UserWarning: CUPTI is not installed. Try 'pip install -U cupti-python'. Falling back to CUDA events for benchmarking.
  return bench_gpu_time_with_cupti(
BENCH rank=3 tokens=4096 combine=bf16 ikr=False knobs=none median_ms=0.9423 n=30BENCH rank=4 tokens=4096 combine=bf16 ikr=False knobs=none median_ms=0.9423 n=30BENCH rank=6 tokens=4096 combine=bf16 ikr=False knobs=none median_ms=0.9423 n=30BENCH rank=5 tokens=4096 combine=bf16 ikr=False knobs=none median_ms=0.9423 n=30BENCH rank=1 tokens=4096 combine=bf16 ikr=False knobs=none median_ms=0.9423 n=30BENCH rank=0 tokens=4096 combine=bf16 ikr=False knobs=none median_ms=0.9423 n=30BENCH rank=7 tokens=4096 combine=bf16 ikr=False knobs=none median_ms=0.9423 n=30






BENCH rank=2 tokens=4096 combine=bf16 ikr=False knobs=none median_ms=0.9423 n=30
[rank0]:[W813 04:22:46.703774220 ProcessGroupNCCL.cpp:1648] Warning: WARNING: destroy_process_group() was not called before program exit, which can leak resources. For more info, please see https://pytorch.org/docs/stable/distributed.html#shutdown (function operator())
m4096 [epi_flag_batch=(4,4)]: 0
