[run-iket] ============= Dry run application first to collect some info... =============
W0813 07:33:33.034000 37805 site-packages/torch/distributed/run.py:874] 
W0813 07:33:33.034000 37805 site-packages/torch/distributed/run.py:874] *****************************************
W0813 07:33:33.034000 37805 site-packages/torch/distributed/run.py:874] Setting OMP_NUM_THREADS environment variable for each process to be 1 in default, to avoid your system being overloaded, please further tune the variable for optimal performance in your application as needed. 
W0813 07:33:33.034000 37805 site-packages/torch/distributed/run.py:874] *****************************************
MANIFEST warmup mode=profile tokens=128 combine=bf16 ikr=True experts=384 topk=6 h=7168 i=3072
MANIFEST exec=0 tokens=128 combine=bf16 ikr=True
MANIFEST exec=1 tokens=128 combine=bf16 ikr=True
MANIFEST exec=2 tokens=128 combine=bf16 ikr=True
[rank0]:[W813 07:33:59.251398677 ProcessGroupNCCL.cpp:1648] Warning: WARNING: destroy_process_group() was not called before program exit, which can leak resources. For more info, please see https://pytorch.org/docs/stable/distributed.html#shutdown (function operator())
[run-iket] Auto-computed context buffer size: 0.04 GB (47,056,896 bytes)
[run-iket] ============= Run application for real profiling... =============
W0813 07:34:02.852000 38167 site-packages/torch/distributed/run.py:874] 
W0813 07:34:02.852000 38167 site-packages/torch/distributed/run.py:874] *****************************************
W0813 07:34:02.852000 38167 site-packages/torch/distributed/run.py:874] Setting OMP_NUM_THREADS environment variable for each process to be 1 in default, to avoid your system being overloaded, please further tune the variable for optimal performance in your application as needed. 
W0813 07:34:02.852000 38167 site-packages/torch/distributed/run.py:874] *****************************************
MANIFEST warmup mode=profile tokens=128 combine=bf16 ikr=True experts=384 topk=6 h=7168 i=3072
MANIFEST exec=0 tokens=128 combine=bf16 ikr=True
MANIFEST exec=1 tokens=128 combine=bf16 ikr=True
MANIFEST exec=2 tokens=128 combine=bf16 ikr=True
[rank0]:[W813 07:34:31.505803639 ProcessGroupNCCL.cpp:1648] Warning: WARNING: destroy_process_group() was not called before program exit, which can leak resources. For more info, please see https://pytorch.org/docs/stable/distributed.html#shutdown (function operator())
[run-iket] Warning: decoded_results.json missing stringTable or locationTable. This may indicate an older C++ injection library was used.
[run-iket] Dumped json trace to /home/brayden/iket-lab/out/megamoe_m128_ikr/iket_pid_0x9517.trace.json
[run-iket] Dumped json trace to /home/brayden/iket-lab/out/megamoe_m128_ikr/iket_pid_0x9564.trace.json
[run-iket] Dumped json trace to /home/brayden/iket-lab/out/megamoe_m128_ikr/iket_pid_0x955e.trace.json
[run-iket] Dumped json trace to /home/brayden/iket-lab/out/megamoe_m128_ikr/iket_pid_0x955d.trace.json
[run-iket] Dumped json trace to /home/brayden/iket-lab/out/megamoe_m128_ikr/iket_pid_0x9560.trace.json
[run-iket] Dumped json trace to /home/brayden/iket-lab/out/megamoe_m128_ikr/iket_pid_0x9562.trace.json
[run-iket] Dumped json trace to /home/brayden/iket-lab/out/megamoe_m128_ikr/iket_pid_0x9561.trace.json
[run-iket] Dumped json trace to /home/brayden/iket-lab/out/megamoe_m128_ikr/iket_pid_0x9563.trace.json
[run-iket] Dumped json trace to /home/brayden/iket-lab/out/megamoe_m128_ikr/iket_pid_0x955f.trace.json
[run-iket] Removing intermediate output directory: /home/brayden/iket-lab/out/megamoe_m128_ikr/tracker
[run-iket] Removing intermediate output directory: /home/brayden/iket-lab/out/megamoe_m128_ikr/gen-config
[run-iket] Removing intermediate output directory: /home/brayden/iket-lab/out/megamoe_m128_ikr/iket
